Component: ARM Compiler 5.06 update 1 (build 61) Tool: armlink [4d35a8]

==============================================================================

Section Cross References

    system_stm32f4xx.o(i.SystemCoreClockUpdate) refers to system_stm32f4xx.o(.data) for .data
    system_stm32f4xx.o(i.SystemCoreClockUpdate) refers to system_stm32f4xx.o(.constdata) for .constdata
    stm32f4xx_hal_msp.o(i.HAL_I2C_MspDeInit) refers to stm32f4xx_hal_gpio.o(i.HAL_GPIO_DeInit) for HAL_GPIO_DeInit
    stm32f4xx_hal_msp.o(i.HAL_I2C_MspInit) refers to stm32f4xx_hal_gpio.o(i.HAL_GPIO_Init) for HAL_GPIO_Init
    stm32f4xx_hal_msp.o(i.HAL_MspInit) refers to stm32f4xx_hal_cortex.o(i.HAL_NVIC_SetPriorityGrouping) for HAL_NVIC_SetPriorityGrouping
    stm32f4xx_hal_msp.o(i.HAL_MspInit) refers to stm32f4xx_hal_cortex.o(i.HAL_NVIC_SetPriority) for HAL_NVIC_SetPriority
    stm32f4xx_it.o(i.OTG_FS_IRQHandler) refers to stm32f4xx_hal_pcd.o(i.HAL_PCD_IRQHandler) for HAL_PCD_IRQHandler
    stm32f4xx_it.o(i.OTG_FS_IRQHandler) refers to usbd_conf.o(.bss) for hpcd_USB_OTG_FS
    stm32f4xx_it.o(i.SysTick_Handler) refers to stm32f4xx_hal.o(i.HAL_IncTick) for HAL_IncTick
    stm32f4xx_it.o(i.SysTick_Handler) refers to stm32f4xx_hal_cortex.o(i.HAL_SYSTICK_IRQHandler) for HAL_SYSTICK_IRQHandler
    main.o(i.MX_I2C1_Init) refers to stm32f4xx_hal_i2c.o(i.HAL_I2C_Init) for HAL_I2C_Init
    main.o(i.MX_I2C1_Init) refers to main.o(.bss) for .bss
    main.o(i.SystemClock_Config) refers to stm32f4xx_hal_rcc.o(i.HAL_RCC_OscConfig) for HAL_RCC_OscConfig
    main.o(i.SystemClock_Config) refers to stm32f4xx_hal_rcc.o(i.HAL_RCC_ClockConfig) for HAL_RCC_ClockConfig
    main.o(i.SystemClock_Config) refers to stm32f4xx_hal_rcc.o(i.HAL_RCC_GetHCLKFreq) for HAL_RCC_GetHCLKFreq
    main.o(i.SystemClock_Config) refers to stm32f4xx_hal_cortex.o(i.HAL_SYSTICK_Config) for HAL_SYSTICK_Config
    main.o(i.SystemClock_Config) refers to stm32f4xx_hal_cortex.o(i.HAL_SYSTICK_CLKSourceConfig) for HAL_SYSTICK_CLKSourceConfig
    main.o(i.SystemClock_Config) refers to stm32f4xx_hal_cortex.o(i.HAL_NVIC_SetPriority) for HAL_NVIC_SetPriority
    main.o(i.main) refers to stm32f4xx_hal.o(i.HAL_Init) for HAL_Init
    main.o(i.main) refers to main.o(i.SystemClock_Config) for SystemClock_Config
    main.o(i.main) refers to main.o(i.MX_I2C1_Init) for MX_I2C1_Init
    main.o(i.main) refers to usb_device.o(i.MX_USB_DEVICE_Init) for MX_USB_DEVICE_Init
    main.o(i.main) refers to rda5807m.o(i.RDA5807m_Init) for RDA5807m_Init
    main.o(i.main) refers to stm32f4xx_hal.o(i.HAL_Delay) for HAL_Delay
    main.o(i.main) refers to rda5807m.o(i.RDA5807m_SetBand) for RDA5807m_SetBand
    main.o(i.main) refers to rda5807m.o(i.RDA5807m_SetStep) for RDA5807m_SetStep
    main.o(i.main) refers to rda5807m.o(i.RDA5807m_SetFreq) for RDA5807m_SetFreq
    main.o(i.main) refers to rda5807m.o(i.RDA5807m_GetChan) for RDA5807m_GetChan
    main.o(i.main) refers to rda5807m.o(i.RDA5807m_GetRSSI) for RDA5807m_GetRSSI
    main.o(i.main) refers to memseta.o(.text) for __aeabi_memclr4
    main.o(i.main) refers to printf1.o(i.__0sprintf$1) for __2sprintf
    main.o(i.main) refers to strlen.o(.text) for strlen
    main.o(i.main) refers to usbd_cdc_if.o(i.CDC_Transmit_FS) for CDC_Transmit_FS
    main.o(i.main) refers to main.o(.bss) for .bss
    rda5807m.o(i.RDA5807m_GetChan) refers to stm32f4xx_hal_i2c.o(i.HAL_I2C_Master_Receive) for HAL_I2C_Master_Receive
    rda5807m.o(i.RDA5807m_GetChan) refers to rda5807m.o(i.SwapBytes) for SwapBytes
    rda5807m.o(i.RDA5807m_GetChan) refers to rda5807m.o(.data) for .data
    rda5807m.o(i.RDA5807m_GetChan) refers to main.o(.bss) for hi2c1
    rda5807m.o(i.RDA5807m_GetRSSI) refers to stm32f4xx_hal_i2c.o(i.HAL_I2C_Master_Receive) for HAL_I2C_Master_Receive
    rda5807m.o(i.RDA5807m_GetRSSI) refers to rda5807m.o(i.SwapBytes) for SwapBytes
    rda5807m.o(i.RDA5807m_GetRSSI) refers to rda5807m.o(.data) for .data
    rda5807m.o(i.RDA5807m_GetRSSI) refers to main.o(.bss) for hi2c1
    rda5807m.o(i.RDA5807m_Init) refers to rda5807m.o(i.RDA5807m_Send) for RDA5807m_Send
    rda5807m.o(i.RDA5807m_Init) refers to rda5807m.o(.data) for .data
    rda5807m.o(i.RDA5807m_Reset) refers to rda5807m.o(i.RDA5807m_Send) for RDA5807m_Send
    rda5807m.o(i.RDA5807m_Reset) refers to rda5807m.o(.data) for .data
    rda5807m.o(i.RDA5807m_Seek) refers to rda5807m.o(i.RDA5807m_Send) for RDA5807m_Send
    rda5807m.o(i.RDA5807m_Seek) refers to rda5807m.o(.data) for .data
    rda5807m.o(i.RDA5807m_Send) refers to rda5807m.o(i.SwapBytes) for SwapBytes
    rda5807m.o(i.RDA5807m_Send) refers to stm32f4xx_hal_i2c.o(i.HAL_I2C_Master_Transmit) for HAL_I2C_Master_Transmit
    rda5807m.o(i.RDA5807m_Send) refers to stm32f4xx_hal.o(i.HAL_Delay) for HAL_Delay
    rda5807m.o(i.RDA5807m_Send) refers to rda5807m.o(.data) for .data
    rda5807m.o(i.RDA5807m_Send) refers to main.o(.bss) for hi2c1
    rda5807m.o(i.RDA5807m_SetBand) refers to rda5807m.o(i.RDA5807m_Send) for RDA5807m_Send
[...]
    ..\Src\main.c                            0x00000000   Number         0  main.o ABSOLUTE
    ..\Src\rda5807m.c                        0x00000000   Number         0  rda5807m.o ABSOLUTE
    ..\Src\stm32f4xx_hal_msp.c               0x00000000   Number         0  stm32f4xx_hal_msp.o ABSOLUTE
    ..\Src\stm32f4xx_it.c                    0x00000000   Number         0  stm32f4xx_it.o ABSOLUTE
    ..\Src\system_stm32f4xx.c                0x00000000   Number         0  system_stm32f4xx.o ABSOLUTE
    ..\Src\usb_device.c                      0x00000000   Number         0  usb_device.o ABSOLUTE
    ..\Src\usbd_cdc_if.c                     0x00000000   Number         0  usbd_cdc_if.o ABSOLUTE
    ..\Src\usbd_conf.c                       0x00000000   Number         0  usbd_conf.o ABSOLUTE
    ..\Src\usbd_desc.c                       0x00000000   Number         0  usbd_desc.o ABSOLUTE
    ..\\Src\\rda5807m.c                      0x00000000   Number         0  rda5807m.o ABSOLUTE
    cdrcmple.s                               0x00000000   Number         0  cdrcmple.o ABSOLUTE
    dc.s                                     0x00000000   Number         0  dc.o ABSOLUTE
    handlers.s                               0x00000000   Number         0  handlers.o ABSOLUTE
    init.s                                   0x00000000   Number         0  init.o ABSOLUTE
    startup_stm32f407xx.s                    0x00000000   Number         0  startup_stm32f407xx.o ABSOLUTE
    RESET                                    0x08000000   Section      392  startup_stm32f407xx.o(RESET)
    .ARM.Collect$$$$00000000                 0x08000188   Section        0  entry.o(.ARM.Collect$$$$00000000)
    .ARM.Collect$$$$00000001                 0x08000188   Section        4  entry2.o(.ARM.Collect$$$$00000001)
    .ARM.Collect$$$$00000004                 0x0800018c   Section        4  entry5.o(.ARM.Collect$$$$00000004)
    .ARM.Collect$$$$00000008                 0x08000190   Section        0  entry7b.o(.ARM.Collect$$$$00000008)
    .ARM.Collect$$$$0000000A                 0x08000190   Section        0  entry8b.o(.ARM.Collect$$$$0000000A)
    .ARM.Collect$$$$0000000B                 0x08000190   Section        8  entry9a.o(.ARM.Collect$$$$0000000B)
    .ARM.Collect$$$$0000000D                 0x08000198   Section        0  entry10a.o(.ARM.Collect$$$$0000000D)
    .ARM.Collect$$$$0000000F                 0x08000198   Section        0  entry11a.o(.ARM.Collect$$$$0000000F)
    .ARM.Collect$$$$00002712                 0x08000198   Section        4  entry2.o(.ARM.Collect$$$$00002712)
    __lit__00000000                          0x08000198   Data           4  entry2.o(.ARM.Collect$$$$00002712)
    .text                                    0x0800019c   Section       36  startup_stm32f407xx.o(.text)
    $v0                                      0x0800019c   Number         0  startup_stm32f407xx.o(.text)
    .text                                    0x080001c0   Section        0  memcpya.o(.text)
    .text                                    0x080001e4   Section        0  memseta.o(.text)
    .text                                    0x08000208   Section        0  strlen.o(.text)
    .text                                    0x08000216   Section        0  uidiv.o(.text)
    .text                                    0x08000244   Section       36  init.o(.text)
    .text                                    0x08000268   Section        0  __dczerorl2.o(.text)
    i.BusFault_Handler                       0x080002be   Section        0  stm32f4xx_it.o(i.BusFault_Handler)
    i.CDC_Control_FS                         0x080002c0   Section        0  usbd_cdc_if.o(i.CDC_Control_FS)
    CDC_Control_FS                           0x080002c1   Thumb Code     4  usbd_cdc_if.o(i.CDC_Control_FS)
    i.CDC_DeInit_FS                          0x080002c4   Section        0  usbd_cdc_if.o(i.CDC_DeInit_FS)
    CDC_DeInit_FS                            0x080002c5   Thumb Code     4  usbd_cdc_if.o(i.CDC_DeInit_FS)
    i.CDC_Init_FS                            0x080002c8   Section        0  usbd_cdc_if.o(i.CDC_Init_FS)
    CDC_Init_FS                              0x080002c9   Thumb Code    26  usbd_cdc_if.o(i.CDC_Init_FS)
    i.CDC_Receive_FS                         0x080002ec   Section        0  usbd_cdc_if.o(i.CDC_Receive_FS)
    CDC_Receive_FS                           0x080002ed   Thumb Code    20  usbd_cdc_if.o(i.CDC_Receive_FS)
    i.CDC_Transmit_FS                        0x08000304   Section        0  usbd_cdc_if.o(i.CDC_Transmit_FS)
    i.DebugMon_Handler                       0x08000330   Section        0  stm32f4xx_it.o(i.DebugMon_Handler)
    i.HAL_Delay                              0x08000332   Section        0  stm32f4xx_hal.o(i.HAL_Delay)
    i.HAL_GPIO_Init                          0x08000350   Section        0  stm32f4xx_hal_gpio.o(i.HAL_GPIO_Init)
    i.HAL_GetTick                            0x08000500   Section        0  stm32f4xx_hal.o(i.HAL_GetTick)
    i.HAL_I2C_Init                           0x0800050c   Section        0  stm32f4xx_hal_i2c.o(i.HAL_I2C_Init)
    i.HAL_I2C_Master_Receive                 0x08000614   Section        0  stm32f4xx_hal_i2c.o(i.HAL_I2C_Master_Receive)
    i.HAL_I2C_Master_Transmit                0x080007fc   Section        0  stm32f4xx_hal_i2c.o(i.HAL_I2C_Master_Transmit)
    i.HAL_I2C_MspInit                        0x08000934   Section        0  stm32f4xx_hal_msp.o(i.HAL_I2C_MspInit)
    i.HAL_IncTick                            0x08000980   Section        0  stm32f4xx_hal.o(i.HAL_IncTick)
    i.HAL_Init                               0x08000990   Section        0  stm32f4xx_hal.o(i.HAL_Init)
    i.HAL_InitTick                           0x080009c4   Section        0  stm32f4xx_hal.o(i.HAL_InitTick)
    i.HAL_MspInit                            0x080009ec   Section        0  stm32f4xx_hal_msp.o(i.HAL_MspInit)
    i.HAL_NVIC_EnableIRQ                     0x08000a44   Section        0  stm32f4xx_hal_cortex.o(i.HAL_NVIC_EnableIRQ)
    i.HAL_NVIC_SetPriority                   0x08000a5c   Section        0  stm32f4xx_hal_cortex.o(i.HAL_NVIC_SetPriority)
    i.HAL_NVIC_SetPriorityGrouping           0x08000a9c   Section        0  stm32f4xx_hal_cortex.o(i.HAL_NVIC_SetPriorityGrouping)
    i.HAL_PCDEx_SetRxFiFo                    0x08000ac0   Section        0  stm32f4xx_hal_pcd_ex.o(i.HAL_PCDEx_SetRxFiFo)
    i.HAL_PCDEx_SetTxFiFo                    0x08000ac8   Section        0  stm32f4xx_hal_pcd_ex.o(i.HAL_PCDEx_SetTxFiFo)
    i.HAL_PCD_ConnectCallback                0x08000b0c   Section        0  usbd_conf.o(i.HAL_PCD_ConnectCallback)
    i.HAL_PCD_DataInStageCallback            0x08000b14   Section        0  usbd_conf.o(i.HAL_PCD_DataInStageCallback)
    i.HAL_PCD_DataOutStageCallback           0x08000b26   Section        0  usbd_conf.o(i.HAL_PCD_DataOutStageCallback)
    i.HAL_PCD_DisconnectCallback             0x08000b3a   Section        0  usbd_conf.o(i.HAL_PCD_DisconnectCallback)
    i.HAL_PCD_EP_Close                       0x08000b42   Section        0  stm32f4xx_hal_pcd.o(i.HAL_PCD_EP_Close)
    i.HAL_PCD_EP_ClrStall                    0x08000b86   Section        0  stm32f4xx_hal_pcd.o(i.HAL_PCD_EP_ClrStall)
    i.HAL_PCD_EP_GetRxCount                  0x08000bd6   Section        0  stm32f4xx_hal_pcd.o(i.HAL_PCD_EP_GetRxCount)
    i.HAL_PCD_EP_Open                        0x08000bea   Section        0  stm32f4xx_hal_pcd.o(i.HAL_PCD_EP_Open)
    i.HAL_PCD_EP_Receive                     0x08000c3e   Section        0  stm32f4xx_hal_pcd.o(i.HAL_PCD_EP_Receive)
    i.HAL_PCD_EP_SetStall                    0x08000c86   Section        0  stm32f4xx_hal_pcd.o(i.HAL_PCD_EP_SetStall)
    i.HAL_PCD_EP_Transmit                    0x08000ce6   Section        0  stm32f4xx_hal_pcd.o(i.HAL_PCD_EP_Transmit)
    i.HAL_PCD_IRQHandler                     0x08000d28   Section        0  stm32f4xx_hal_pcd.o(i.HAL_PCD_IRQHandler)
    i.HAL_PCD_ISOINIncompleteCallback        0x0800121c   Section        0  usbd_conf.o(i.HAL_PCD_ISOINIncompleteCallback)
    i.HAL_PCD_ISOOUTIncompleteCallback       0x08001224   Section        0  usbd_conf.o(i.HAL_PCD_ISOOUTIncompleteCallback)
    i.HAL_PCD_Init                           0x0800122c   Section        0  stm32f4xx_hal_pcd.o(i.HAL_PCD_Init)
    i.HAL_PCD_MspInit                        0x080012ec   Section        0  usbd_conf.o(i.HAL_PCD_MspInit)
    i.HAL_PCD_ResetCallback                  0x08001350   Section        0  usbd_conf.o(i.HAL_PCD_ResetCallback)
    i.HAL_PCD_ResumeCallback                 0x08001370   Section        0  usbd_conf.o(i.HAL_PCD_ResumeCallback)
    i.HAL_PCD_SOFCallback                    0x08001378   Section        0  usbd_conf.o(i.HAL_PCD_SOFCallback)
    i.HAL_PCD_SetAddress                     0x08001380   Section        0  stm32f4xx_hal_pcd.o(i.HAL_PCD_SetAddress)
    i.HAL_PCD_SetupStageCallback             0x080013a4   Section        0  usbd_conf.o(i.HAL_PCD_SetupStageCallback)
    i.HAL_PCD_Start                          0x080013b2   Section        0  stm32f4xx_hal_pcd.o(i.HAL_PCD_Start)
    i.HAL_PCD_SuspendCallback                0x080013dc   Section        0  usbd_conf.o(i.HAL_PCD_SuspendCallback)
    i.HAL_RCC_ClockConfig                    0x0800140c   Section        0  stm32f4xx_hal_rcc.o(i.HAL_RCC_ClockConfig)
    i.HAL_RCC_GetHCLKFreq                    0x08001588   Section        0  stm32f4xx_hal_rcc.o(i.HAL_RCC_GetHCLKFreq)
    i.HAL_RCC_GetPCLK1Freq                   0x08001594   Section        0  stm32f4xx_hal_rcc.o(i.HAL_RCC_GetPCLK1Freq)
    i.HAL_RCC_GetSysClockFreq                0x080015c4   Section        0  stm32f4xx_hal_rcc.o(i.HAL_RCC_GetSysClockFreq)
    i.HAL_RCC_OscConfig                      0x08001634   Section        0  stm32f4xx_hal_rcc.o(i.HAL_RCC_OscConfig)
    i.HAL_SYSTICK_CLKSourceConfig            0x08001948   Section        0  stm32f4xx_hal_cortex.o(i.HAL_SYSTICK_CLKSourceConfig)
    i.HAL_SYSTICK_Callback                   0x08001960   Section        0  stm32f4xx_hal_cortex.o(i.HAL_SYSTICK_Callback)
    i.HAL_SYSTICK_Config                     0x08001962   Section        0  stm32f4xx_hal_cortex.o(i.HAL_SYSTICK_Config)
    i.HAL_SYSTICK_IRQHandler                 0x0800198a   Section        0  stm32f4xx_hal_cortex.o(i.HAL_SYSTICK_IRQHandler)
    i.HardFault_Handler                      0x08001992   Section        0  stm32f4xx_it.o(i.HardFault_Handler)
    i.I2C_IsAcknowledgeFailed                0x08001994   Section        0  stm32f4xx_hal_i2c.o(i.I2C_IsAcknowledgeFailed)
    I2C_IsAcknowledgeFailed                  0x08001995   Thumb Code    40  stm32f4xx_hal_i2c.o(i.I2C_IsAcknowledgeFailed)
    i.I2C_MasterRequestRead                  0x080019bc   Section        0  stm32f4xx_hal_i2c.o(i.I2C_MasterRequestRead)
    I2C_MasterRequestRead                    0x080019bd   Thumb Code   222  stm32f4xx_hal_i2c.o(i.I2C_MasterRequestRead)
    i.I2C_MasterRequestWrite                 0x08001a9c   Section        0  stm32f4xx_hal_i2c.o(i.I2C_MasterRequestWrite)
    I2C_MasterRequestWrite                   0x08001a9d   Thumb Code   142  stm32f4xx_hal_i2c.o(i.I2C_MasterRequestWrite)
    i.I2C_WaitOnBTFFlagUntilTimeout          0x08001b30   Section        0  stm32f4xx_hal_i2c.o(i.I2C_WaitOnBTFFlagUntilTimeout)
    I2C_WaitOnBTFFlagUntilTimeout            0x08001b31   Thumb Code    78  stm32f4xx_hal_i2c.o(i.I2C_WaitOnBTFFlagUntilTimeout)
    i.I2C_WaitOnFlagUntilTimeout             0x08001b7e   Section        0  stm32f4xx_hal_i2c.o(i.I2C_WaitOnFlagUntilTimeout)
    I2C_WaitOnFlagUntilTimeout               0x08001b7f   Thumb Code    96  stm32f4xx_hal_i2c.o(i.I2C_WaitOnFlagUntilTimeout)
    i.I2C_WaitOnMasterAddressFlagUntilTimeout 0x08001be0   Section        0  stm32f4xx_hal_i2c.o(i.I2C_WaitOnMasterAddressFlagUntilTimeout)
    I2C_WaitOnMasterAddressFlagUntilTimeout  0x08001be1   Thumb Code   136  stm32f4xx_hal_i2c.o(i.I2C_WaitOnMasterAddressFlagUntilTimeout)
    i.I2C_WaitOnRXNEFlagUntilTimeout         0x08001c68   Section        0  stm32f4xx_hal_i2c.o(i.I2C_WaitOnRXNEFlagUntilTimeout)
    I2C_WaitOnRXNEFlagUntilTimeout           0x08001c69   Thumb Code    98  stm32f4xx_hal_i2c.o(i.I2C_WaitOnRXNEFlagUntilTimeout)
    i.I2C_WaitOnTXEFlagUntilTimeout          0x08001cca   Section        0  stm32f4xx_hal_i2c.o(i.I2C_WaitOnTXEFlagUntilTimeout)
    I2C_WaitOnTXEFlagUntilTimeout            0x08001ccb   Thumb Code    78  stm32f4xx_hal_i2c.o(i.I2C_WaitOnTXEFlagUntilTimeout)
    i.MX_I2C1_Init                           0x08001d18   Section        0  main.o(i.MX_I2C1_Init)
    MX_I2C1_Init                             0x08001d19   Thumb Code    44  main.o(i.MX_I2C1_Init)
    i.MX_USB_DEVICE_Init                     0x08001d50   Section        0  usb_device.o(i.MX_USB_DEVICE_Init)
    i.MemManage_Handler                      0x08001d88   Section        0  stm32f4xx_it.o(i.MemManage_Handler)
    i.NMI_Handler                            0x08001d8a   Section        0  stm32f4xx_it.o(i.NMI_Handler)
    i.NVIC_SetPriority                       0x08001d8c   Section        0  stm32f4xx_hal_cortex.o(i.NVIC_SetPriority)
    NVIC_SetPriority                         0x08001d8d   Thumb Code    32  stm32f4xx_hal_cortex.o(i.NVIC_SetPriority)
    i.OTG_FS_IRQHandler                      0x08001dac   Section        0  stm32f4xx_it.o(i.OTG_FS_IRQHandler)
    i.PCD_WriteEmptyTxFifo                   0x08001db8   Section        0  stm32f4xx_hal_pcd.o(i.PCD_WriteEmptyTxFifo)
    PCD_WriteEmptyTxFifo                     0x08001db9   Thumb Code   136  stm32f4xx_hal_pcd.o(i.PCD_WriteEmptyTxFifo)
    i.PendSV_Handler                         0x08001e40   Section        0  stm32f4xx_it.o(i.PendSV_Handler)
    i.RDA5807m_GetChan                       0x08001e44   Section        0  rda5807m.o(i.RDA5807m_GetChan)
    i.RDA5807m_GetRSSI                       0x08001e74   Section        0  rda5807m.o(i.RDA5807m_GetRSSI)
    i.RDA5807m_Init                          0x08001ea4   Section        0  rda5807m.o(i.RDA5807m_Init)
    i.RDA5807m_Send                          0x08001ec8   Section        0  rda5807m.o(i.RDA5807m_Send)
    i.RDA5807m_SetBand                       0x08001f00   Section        0  rda5807m.o(i.RDA5807m_SetBand)
    i.RDA5807m_SetFreq                       0x08001f1c   Section        0  rda5807m.o(i.RDA5807m_SetFreq)
    i.RDA5807m_SetStep                       0x08002020   Section        0  rda5807m.o(i.RDA5807m_SetStep)
    i.SVC_Handler                            0x0800203c   Section        0  stm32f4xx_it.o(i.SVC_Handler)
    i.SwapBytes                              0x0800203e   Section        0  rda5807m.o(i.SwapBytes)
    i.SysTick_Handler                        0x0800204a   Section        0  stm32f4xx_it.o(i.SysTick_Handler)
    i.SystemClock_Config                     0x08002058   Section        0  main.o(i.SystemClock_Config)
    i.SystemInit                             0x080020f8   Section        0  system_stm32f4xx.o(i.SystemInit)
    i.USBD_CDC_DataIn                        0x0800214c   Section        0  usbd_cdc.o(i.USBD_CDC_DataIn)
    USBD_CDC_DataIn                          0x0800214d   Thumb Code    20  usbd_cdc.o(i.USBD_CDC_DataIn)
    i.USBD_CDC_DataOut                       0x08002160   Section        0  usbd_cdc.o(i.USBD_CDC_DataOut)
    USBD_CDC_DataOut                         0x08002161   Thumb Code    46  usbd_cdc.o(i.USBD_CDC_DataOut)
    i.USBD_CDC_DeInit                        0x0800218e   Section        0  usbd_cdc.o(i.USBD_CDC_DeInit)
    USBD_CDC_DeInit                          0x0800218f   Thumb Code    60  usbd_cdc.o(i.USBD_CDC_DeInit)
    i.USBD_CDC_EP0_RxReady                   0x080021ca   Section        0  usbd_cdc.o(i.USBD_CDC_EP0_RxReady)
    USBD_CDC_EP0_RxReady                     0x080021cb   Thumb Code    36  usbd_cdc.o(i.USBD_CDC_EP0_RxReady)
    i.USBD_CDC_GetDeviceQualifierDescriptor  0x080021f0   Section        0  usbd_cdc.o(i.USBD_CDC_GetDeviceQualifierDescriptor)
    i.USBD_CDC_GetFSCfgDesc                  0x080021fc   Section        0  usbd_cdc.o(i.USBD_CDC_GetFSCfgDesc)
    USBD_CDC_GetFSCfgDesc                    0x080021fd   Thumb Code     8  usbd_cdc.o(i.USBD_CDC_GetFSCfgDesc)
    i.USBD_CDC_GetHSCfgDesc                  0x08002208   Section        0  usbd_cdc.o(i.USBD_CDC_GetHSCfgDesc)
    USBD_CDC_GetHSCfgDesc                    0x08002209   Thumb Code     8  usbd_cdc.o(i.USBD_CDC_GetHSCfgDesc)
    i.USBD_CDC_GetOtherSpeedCfgDesc          0x08002214   Section        0  usbd_cdc.o(i.USBD_CDC_GetOtherSpeedCfgDesc)
    USBD_CDC_GetOtherSpeedCfgDesc            0x08002215   Thumb Code     8  usbd_cdc.o(i.USBD_CDC_GetOtherSpeedCfgDesc)
    i.USBD_CDC_Init                          0x08002220   Section        0  usbd_cdc.o(i.USBD_CDC_Init)
    USBD_CDC_Init                            0x08002221   Thumb Code   136  usbd_cdc.o(i.USBD_CDC_Init)
    i.USBD_CDC_ReceivePacket                 0x080022a8   Section        0  usbd_cdc.o(i.USBD_CDC_ReceivePacket)
    i.USBD_CDC_RegisterInterface             0x080022d0   Section        0  usbd_cdc.o(i.USBD_CDC_RegisterInterface)
    i.USBD_CDC_SetRxBuffer                   0x080022e0   Section        0  usbd_cdc.o(i.USBD_CDC_SetRxBuffer)
    i.USBD_CDC_SetTxBuffer                   0x080022ec   Section        0  usbd_cdc.o(i.USBD_CDC_SetTxBuffer)
    i.USBD_CDC_Setup                         0x080022fc   Section        0  usbd_cdc.o(i.USBD_CDC_Setup)
    USBD_CDC_Setup                           0x080022fd   Thumb Code   106  usbd_cdc.o(i.USBD_CDC_Setup)
    i.USBD_CDC_TransmitPacket                0x0800236c   Section        0  usbd_cdc.o(i.USBD_CDC_TransmitPacket)
    i.USBD_ClrClassConfig                    0x0800239c   Section        0  usbd_core.o(i.USBD_ClrClassConfig)
    i.USBD_CtlContinueRx                     0x080023aa   Section        0  usbd_ioreq.o(i.USBD_CtlContinueRx)
    i.USBD_CtlContinueSendData               0x080023ba   Section        0  usbd_ioreq.o(i.USBD_CtlContinueSendData)
    i.USBD_CtlError                          0x080023ca   Section        0  usbd_ctlreq.o(i.USBD_CtlError)
    i.USBD_CtlPrepareRx                      0x080023e0   Section        0  usbd_ioreq.o(i.USBD_CtlPrepareRx)
    i.USBD_CtlReceiveStatus                  0x080023fe   Section        0  usbd_ioreq.o(i.USBD_CtlReceiveStatus)
    i.USBD_CtlSendData                       0x08002414   Section        0  usbd_ioreq.o(i.USBD_CtlSendData)
    i.USBD_CtlSendStatus                     0x0800242e   Section        0  usbd_ioreq.o(i.USBD_CtlSendStatus)
    i.USBD_FS_ConfigStrDescriptor            0x08002444   Section        0  usbd_desc.o(i.USBD_FS_ConfigStrDescriptor)
    i.USBD_FS_DeviceDescriptor               0x08002464   Section        0  usbd_desc.o(i.USBD_FS_DeviceDescriptor)
    i.USBD_FS_InterfaceStrDescriptor         0x08002470   Section        0  usbd_desc.o(i.USBD_FS_InterfaceStrDescriptor)
    i.USBD_FS_LangIDStrDescriptor            0x08002494   Section        0  usbd_desc.o(i.USBD_FS_LangIDStrDescriptor)
    i.USBD_FS_ManufacturerStrDescriptor      0x080024a0   Section        0  usbd_desc.o(i.USBD_FS_ManufacturerStrDescriptor)
    i.USBD_FS_ProductStrDescriptor           0x080024c8   Section        0  usbd_desc.o(i.USBD_FS_ProductStrDescriptor)
    i.USBD_FS_SerialStrDescriptor            0x080024f4   Section        0  usbd_desc.o(i.USBD_FS_SerialStrDescriptor)
    i.USBD_GetDescriptor                     0x08002518   Section        0  usbd_ctlreq.o(i.USBD_GetDescriptor)
    USBD_GetDescriptor                       0x08002519   Thumb Code   224  usbd_ctlreq.o(i.USBD_GetDescriptor)
    i.USBD_GetString                         0x080025f8   Section        0  usbd_ctlreq.o(i.USBD_GetString)
    i.USBD_Init                              0x0800263e   Section        0  usbd_core.o(i.USBD_Init)
    i.USBD_LL_ClearStallEP                   0x08002668   Section        0  usbd_conf.o(i.USBD_LL_ClearStallEP)
    i.USBD_LL_CloseEP                        0x08002688   Section        0  usbd_conf.o(i.USBD_LL_CloseEP)
    i.USBD_LL_DataInStage                    0x080026a8   Section        0  usbd_core.o(i.USBD_LL_DataInStage)
    i.USBD_LL_DataOutStage                   0x08002752   Section        0  usbd_core.o(i.USBD_LL_DataOutStage)
    i.USBD_LL_DevConnected                   0x080027bc   Section        0  usbd_core.o(i.USBD_LL_DevConnected)
    i.USBD_LL_DevDisconnected                0x080027c0   Section        0  usbd_core.o(i.USBD_LL_DevDisconnected)
    i.USBD_LL_GetRxDataSize                  0x080027d6   Section        0  usbd_conf.o(i.USBD_LL_GetRxDataSize)
    i.USBD_LL_Init                           0x080027e0   Section        0  usbd_conf.o(i.USBD_LL_Init)
    i.USBD_LL_IsStallEP                      0x0800285c   Section        0  usbd_conf.o(i.USBD_LL_IsStallEP)
    i.USBD_LL_IsoINIncomplete                0x0800287c   Section        0  usbd_core.o(i.USBD_LL_IsoINIncomplete)
    i.USBD_LL_IsoOUTIncomplete               0x08002880   Section        0  usbd_core.o(i.USBD_LL_IsoOUTIncomplete)
    i.USBD_LL_OpenEP                         0x08002884   Section        0  usbd_conf.o(i.USBD_LL_OpenEP)
    i.USBD_LL_PrepareReceive                 0x080028aa   Section        0  usbd_conf.o(i.USBD_LL_PrepareReceive)
    i.USBD_LL_Reset                          0x080028ca   Section        0  usbd_core.o(i.USBD_LL_Reset)
    i.USBD_LL_Resume                         0x08002908   Section        0  usbd_core.o(i.USBD_LL_Resume)
    i.USBD_LL_SOF                            0x08002914   Section        0  usbd_core.o(i.USBD_LL_SOF)
    i.USBD_LL_SetSpeed                       0x0800292c   Section        0  usbd_core.o(i.USBD_LL_SetSpeed)
    i.USBD_LL_SetUSBAddress                  0x08002932   Section        0  usbd_conf.o(i.USBD_LL_SetUSBAddress)
    i.USBD_LL_SetupStage                     0x08002952   Section        0  usbd_core.o(i.USBD_LL_SetupStage)
    i.USBD_LL_StallEP                        0x080029ac   Section        0  usbd_conf.o(i.USBD_LL_StallEP)
    i.USBD_LL_Start                          0x080029cc   Section        0  usbd_conf.o(i.USBD_LL_Start)
    i.USBD_LL_Suspend                        0x080029ec   Section        0  usbd_core.o(i.USBD_LL_Suspend)
    i.USBD_LL_Transmit                       0x080029fe   Section        0  usbd_conf.o(i.USBD_LL_Transmit)
    i.USBD_ParseSetupRequest                 0x08002a1e   Section        0  usbd_ctlreq.o(i.USBD_ParseSetupRequest)
    i.USBD_RegisterClass                     0x08002a46   Section        0  usbd_core.o(i.USBD_RegisterClass)
    i.USBD_SetClassConfig                    0x08002a56   Section        0  usbd_core.o(i.USBD_SetClassConfig)
    i.USBD_SetConfig                         0x08002a6c   Section        0  usbd_ctlreq.o(i.USBD_SetConfig)
    USBD_SetConfig                           0x08002a6d   Thumb Code   110  usbd_ctlreq.o(i.USBD_SetConfig)
    i.USBD_Start                             0x08002ae0   Section        0  usbd_core.o(i.USBD_Start)
    i.USBD_StdDevReq                         0x08002aea   Section        0  usbd_ctlreq.o(i.USBD_StdDevReq)
    i.USBD_StdEPReq                          0x08002bdc   Section        0  usbd_ctlreq.o(i.USBD_StdEPReq)
    i.USBD_StdItfReq                         0x08002cb8   Section        0  usbd_ctlreq.o(i.USBD_StdItfReq)
    i.USB_ActivateEndpoint                   0x08002cec   Section        0  stm32f4xx_ll_usb.o(i.USB_ActivateEndpoint)
    i.USB_ActivateSetup                      0x08002d6c   Section        0  stm32f4xx_ll_usb.o(i.USB_ActivateSetup)
    i.USB_CoreInit                           0x08002da0   Section        0  stm32f4xx_ll_usb.o(i.USB_CoreInit)
    i.USB_CoreReset                          0x08002e0c   Section        0  stm32f4xx_ll_usb.o(i.USB_CoreReset)
    USB_CoreReset                            0x08002e0d   Thumb Code    50  stm32f4xx_ll_usb.o(i.USB_CoreReset)
    i.USB_DeactivateEndpoint                 0x08002e44   Section        0  stm32f4xx_ll_usb.o(i.USB_DeactivateEndpoint)
    i.USB_DevConnect                         0x08002f0c   Section        0  stm32f4xx_ll_usb.o(i.USB_DevConnect)
    i.USB_DevDisconnect                      0x08002f24   Section        0  stm32f4xx_ll_usb.o(i.USB_DevDisconnect)
    i.USB_DevInit                            0x08002f3c   Section        0  stm32f4xx_ll_usb.o(i.USB_DevInit)
    i.USB_DisableGlobalInt                   0x0800307c   Section        0  stm32f4xx_ll_usb.o(i.USB_DisableGlobalInt)
    i.USB_EP0StartXfer                       0x08003088   Section        0  stm32f4xx_ll_usb.o(i.USB_EP0StartXfer)
    i.USB_EP0_OutStart                       0x080031c8   Section        0  stm32f4xx_ll_usb.o(i.USB_EP0_OutStart)
    i.USB_EPClearStall                       0x08003206   Section        0  stm32f4xx_ll_usb.o(i.USB_EPClearStall)
    i.USB_EPSetStall                         0x0800326a   Section        0  stm32f4xx_ll_usb.o(i.USB_EPSetStall)
    i.USB_EPStartXfer                        0x080032c8   Section        0  stm32f4xx_ll_usb.o(i.USB_EPStartXfer)
    i.USB_EnableGlobalInt                    0x080034e4   Section        0  stm32f4xx_ll_usb.o(i.USB_EnableGlobalInt)
    i.USB_FlushRxFifo                        0x080034f0   Section        0  stm32f4xx_ll_usb.o(i.USB_FlushRxFifo)
    i.USB_FlushTxFifo                        0x08003510   Section        0  stm32f4xx_ll_usb.o(i.USB_FlushTxFifo)
    i.USB_GetDevSpeed                        0x08003534   Section        0  stm32f4xx_ll_usb.o(i.USB_GetDevSpeed)
    i.USB_GetMode                            0x08003570   Section        0  stm32f4xx_ll_usb.o(i.USB_GetMode)
    i.USB_ReadDevAllInEpInterrupt            0x08003578   Section        0  stm32f4xx_ll_usb.o(i.USB_ReadDevAllInEpInterrupt)
    i.USB_ReadDevAllOutEpInterrupt           0x08003586   Section        0  stm32f4xx_ll_usb.o(i.USB_ReadDevAllOutEpInterrupt)
    i.USB_ReadDevInEPInterrupt               0x08003594   Section        0  stm32f4xx_ll_usb.o(i.USB_ReadDevInEPInterrupt)
    i.USB_ReadDevOutEPInterrupt              0x080035b2   Section        0  stm32f4xx_ll_usb.o(i.USB_ReadDevOutEPInterrupt)
    i.USB_ReadInterrupts                     0x080035c2   Section        0  stm32f4xx_ll_usb.o(i.USB_ReadInterrupts)
    i.USB_ReadPacket                         0x080035ca   Section        0  stm32f4xx_ll_usb.o(i.USB_ReadPacket)
    i.USB_SetCurrentMode                     0x080035ea   Section        0  stm32f4xx_ll_usb.o(i.USB_SetCurrentMode)
    i.USB_SetDevAddress                      0x08003616   Section        0  stm32f4xx_ll_usb.o(i.USB_SetDevAddress)
    i.USB_WritePacket                        0x08003638   Section        0  stm32f4xx_ll_usb.o(i.USB_WritePacket)
    i.UsageFault_Handler                     0x08003660   Section        0  stm32f4xx_it.o(i.UsageFault_Handler)
    i._Error_Handler                         0x08003662   Section        0  main.o(i._Error_Handler)
    i.__0sprintf$1                           0x08003664   Section        0  printf1.o(i.__0sprintf$1)
    i.__scatterload_copy                     0x0800368c   Section       14  handlers.o(i.__scatterload_copy)
    i.__scatterload_null                     0x0800369a   Section        2  handlers.o(i.__scatterload_null)
    i.__scatterload_zeroinit                 0x0800369c   Section       14  handlers.o(i.__scatterload_zeroinit)
    i._printf_core                           0x080036ac   Section        0  printf1.o(i._printf_core)
    _printf_core                             0x080036ad   Thumb Code   336  printf1.o(i._printf_core)
    i._sputc                                 0x08003800   Section        0  printf1.o(i._sputc)
    _sputc                                   0x08003801   Thumb Code    10  printf1.o(i._sputc)
    i.free                                   0x0800380c   Section        0  malloc.o(i.free)
    i.main                                   0x0800385c   Section        0  main.o(i.main)
    i.malloc                                 0x0800392c   Section        0  malloc.o(i.malloc)
    .constdata                               0x08003998   Section       16  system_stm32f4xx.o(.constdata)
    .constdata                               0x080039a8   Section        8  system_stm32f4xx.o(.constdata)
    .data                                    0x20000000   Section        4  system_stm32f4xx.o(.data)
    .data                                    0x20000004   Section        8  rda5807m.o(.data)
    .data                                    0x2000000c   Section       16  usbd_cdc_if.o(.data)
    .data                                    0x2000001c   Section        8  usbd_cdc_if.o(.data)
    .data                                    0x20000024   Section       28  usbd_desc.o(.data)
    .data                                    0x20000040   Section       22  usbd_desc.o(.data)
    .data                                    0x20000058   Section        4  stm32f4xx_hal.o(.data)
    .data                                    0x2000005c   Section      219  usbd_cdc.o(.data)
    ifalt                                    0x2000005c   Data           1  usbd_cdc.o(.data)
    USBD_CDC_DeviceQualifierDesc             0x20000060   Data          10  usbd_cdc.o(.data)
    .data                                    0x20000138   Section       56  usbd_cdc.o(.data)
    .data                                    0x20000170   Section        1  usbd_ctlreq.o(.data)
    cfgidx                                   0x20000170   Data           1  usbd_ctlreq.o(.data)
    .data                                    0x20000174   Section        4  mvars.o(.data)
    .data                                    0x20000178   Section        4  mvars.o(.data)
    .bss                                     0x2000017c   Section      340  main.o(.bss)
    .bss                                     0x200002d0   Section     1008  usbd_conf.o(.bss)
    .bss                                     0x200006c0   Section      512  usbd_desc.o(.bss)
    .bss                                     0x200008c0   Section      548  usb_device.o(.bss)
    HEAP                                     0x20000ae8   Section     4096  startup_stm32f407xx.o(HEAP)
    STACK                                    0x20001ae8   Section     8192  startup_stm32f407xx.o(STACK)

    Global Symbols

    Symbol Name                              Value     Ov Type        Size  Object(Section)

    BuildAttributes$$THM_ISAv4$E$P$D$K$B$S$7EM$VFPi3$EXTD16$VFPS$VFMA$PE$A:L22UL41UL21$X:L11$S22US41US21$IEEE1$IW$USESV6$~STKCKD$USESV7$~SHL$OSPACE$ROPI$EBA8$MICROLIB$REQ8$PRES8$EABIv2 0x00000000   Number         0  anon$$obj.o ABSOLUTE
    __ARM_use_no_argv                        0x00000000   Number         0  main.o ABSOLUTE
    _printf_a                                0x00000000   Number         0  stubs.o ABSOLUTE
    _printf_c                                0x00000000   Number         0  stubs.o ABSOLUTE
    _printf_charcount                        0x00000000   Number         0  stubs.o ABSOLUTE
    _printf_d                                0x00000000   Number         0  stubs.o ABSOLUTE
    _printf_e                                0x00000000   Number         0  stubs.o ABSOLUTE
    _printf_f                                0x00000000   Number         0  stubs.o ABSOLUTE
    _printf_flags                            0x00000000   Number         0  stubs.o ABSOLUTE
    _printf_fp_dec                           0x00000000   Number         0  stubs.o ABSOLUTE
    _printf_fp_hex                           0x00000000   Number         0  stubs.o ABSOLUTE
    _printf_g                                0x00000000   Number         0  stubs.o ABSOLUTE
    _printf_i                                0x00000000   Number         0  stubs.o ABSOLUTE
    _printf_int_dec                          0x00000000   Number         0  stubs.o ABSOLUTE
    _printf_l                                0x00000000   Number         0  stubs.o ABSOLUTE
    _printf_lc                               0x00000000   Number         0  stubs.o ABSOLUTE
    _printf_ll                               0x00000000   Number         0  stubs.o ABSOLUTE
    _printf_lld                              0x00000000   Number         0  stubs.o ABSOLUTE
    _printf_lli                              0x00000000   Number         0  stubs.o ABSOLUTE
    _printf_llo                              0x00000000   Number         0  stubs.o ABSOLUTE
    _printf_llu                              0x00000000   Number         0  stubs.o ABSOLUTE
    _printf_llx                              0x00000000   Number         0  stubs.o ABSOLUTE
    _printf_longlong_dec                     0x00000000   Number         0  stubs.o ABSOLUTE
    _printf_longlong_hex                     0x00000000   Number         0  stubs.o ABSOLUTE
    _printf_longlong_oct                     0x00000000   Number         0  stubs.o ABSOLUTE
    _printf_ls                               0x00000000   Number         0  stubs.o ABSOLUTE
    _printf_mbtowc                           0x00000000   Number         0  stubs.o ABSOLUTE
    _printf_n                                0x00000000   Number         0  stubs.o ABSOLUTE
    _printf_o                                0x00000000   Number         0  stubs.o ABSOLUTE
    _printf_p                                0x00000000   Number         0  stubs.o ABSOLUTE
    _printf_percent                          0x00000000   Number         0  stubs.o ABSOLUTE
    _printf_pre_padding                      0x00000000   Number         0  stubs.o ABSOLUTE
    _printf_return_value                     0x00000000   Number         0  stubs.o ABSOLUTE
    _printf_s                                0x00000000   Number         0  stubs.o ABSOLUTE
    _printf_sizespec                         0x00000000   Number         0  stubs.o ABSOLUTE
    _printf_str                              0x00000000   Number         0  stubs.o ABSOLUTE
    _printf_truncate_signed                  0x00000000   Number         0  stubs.o ABSOLUTE
    _printf_truncate_unsigned                0x00000000   Number         0  stubs.o ABSOLUTE
    _printf_u                                0x00000000   Number         0  stubs.o ABSOLUTE
    _printf_wc                               0x00000000   Number         0  stubs.o ABSOLUTE
    _printf_wctomb                           0x00000000   Number         0  stubs.o ABSOLUTE
    _printf_widthprec                        0x00000000   Number         0  stubs.o ABSOLUTE
    _printf_x                                0x00000000   Number         0  stubs.o ABSOLUTE
    __cpp_initialize__aeabi_                  - Undefined Weak Reference
    __cxa_finalize                            - Undefined Weak Reference
    _clock_init                               - Undefined Weak Reference
    _microlib_exit                            - Undefined Weak Reference
    __Vectors_Size                           0x00000188   Number         0  startup_stm32f407xx.o ABSOLUTE
    __Vectors                                0x08000000   Data           4  startup_stm32f407xx.o(RESET)
    __Vectors_End                            0x08000188   Data           0  startup_stm32f407xx.o(RESET)
    __main                                   0x08000189   Thumb Code     0  entry.o(.ARM.Collect$$$$00000000)
    _main_stk                                0x08000189   Thumb Code     0  entry2.o(.ARM.Collect$$$$00000001)
    _main_scatterload                        0x0800018d   Thumb Code     0  entry5.o(.ARM.Collect$$$$00000004)
    __main_after_scatterload                 0x08000191   Thumb Code     0  entry5.o(.ARM.Collect$$$$00000004)
    _main_clock                              0x08000191   Thumb Code     0  entry7b.o(.ARM.Collect$$$$00000008)
    _main_cpp_init                           0x08000191   Thumb Code     0  entry8b.o(.ARM.Collect$$$$0000000A)
    _main_init                               0x08000191   Thumb Code     0  entry9a.o(.ARM.Collect$$$$0000000B)
    __rt_final_cpp                           0x08000199   Thumb Code     0  entry10a.o(.ARM.Collect$$$$0000000D)
    __rt_final_exit                          0x08000199   Thumb Code     0  entry11a.o(.ARM.Collect$$$$0000000F)
    Reset_Handler                            0x0800019d   Thumb Code     8  startup_stm32f407xx.o(.text)
    ADC_IRQHandler                           0x080001b7   Thumb Code     0  startup_stm32f407xx.o(.text)
    CAN1_RX0_IRQHandler                      0x080001b7   Thumb Code     0  startup_stm32f407xx.o(.text)
    CAN1_RX1_IRQHandler                      0x080001b7   Thumb Code     0  startup_stm32f407xx.o(.text)
    CAN1_SCE_IRQHandler                      0x080001b7   Thumb Code     0  startup_stm32f407xx.o(.text)
    CAN1_TX_IRQHandler                       0x080001b7   Thumb Code     0  startup_stm32f407xx.o(.text)
    CAN2_RX0_IRQHandler                      0x080001b7   Thumb Code     0  startup_stm32f407xx.o(.text)
    CAN2_RX1_IRQHandler                      0x080001b7   Thumb Code     0  startup_stm32f407xx.o(.text)
    CAN2_SCE_IRQHandler                      0x080001b7   Thumb Code     0  startup_stm32f407xx.o(.text)
    CAN2_TX_IRQHandler                       0x080001b7   Thumb Code     0  startup_stm32f407xx.o(.text)
    DCMI_IRQHandler                          0x080001b7   Thumb Code     0  startup_stm32f407xx.o(.text)
    DMA1_Stream0_IRQHandler                  0x080001b7   Thumb Code     0  startup_stm32f407xx.o(.text)
    DMA1_Stream1_IRQHandler                  0x080001b7   Thumb Code     0  startup_stm32f407xx.o(.text)
    DMA1_Stream2_IRQHandler                  0x080001b7   Thumb Code     0  startup_stm32f407xx.o(.text)
    DMA1_Stream3_IRQHandler                  0x080001b7   Thumb Code     0  startup_stm32f407xx.o(.text)
    DMA1_Stream4_IRQHandler                  0x080001b7   Thumb Code     0  startup_stm32f407xx.o(.text)
    DMA1_Stream5_IRQHandler                  0x080001b7   Thumb Code     0  startup_stm32f407xx.o(.text)
    DMA1_Stream6_IRQHandler                  0x080001b7   Thumb Code     0  startup_stm32f407xx.o(.text)
    DMA1_Stream7_IRQHandler                  0x080001b7   Thumb Code     0  startup_stm32f407xx.o(.text)
    DMA2_Stream0_IRQHandler                  0x080001b7   Thumb Code     0  startup_stm32f407xx.o(.text)
    DMA2_Stream1_IRQHandler                  0x080001b7   Thumb Code     0  startup_stm32f407xx.o(.text)
    DMA2_Stream2_IRQHandler                  0x080001b7   Thumb Code     0  startup_stm32f407xx.o(.text)
    DMA2_Stream3_IRQHandler                  0x080001b7   Thumb Code     0  startup_stm32f407xx.o(.text)
    DMA2_Stream4_IRQHandler                  0x080001b7   Thumb Code     0  startup_stm32f407xx.o(.text)
    DMA2_Stream5_IRQHandler                  0x080001b7   Thumb Code     0  startup_stm32f407xx.o(.text)
    DMA2_Stream6_IRQHandler                  0x080001b7   Thumb Code     0  startup_stm32f407xx.o(.text)
    DMA2_Stream7_IRQHandler                  0x080001b7   Thumb Code     0  startup_stm32f407xx.o(.text)
    ETH_IRQHandler                           0x080001b7   Thumb Code     0  startup_stm32f407xx.o(.text)
    ETH_WKUP_IRQHandler                      0x080001b7   Thumb Code     0  startup_stm32f407xx.o(.text)
    EXTI0_IRQHandler                         0x080001b7   Thumb Code     0  startup_stm32f407xx.o(.text)
    EXTI15_10_IRQHandler                     0x080001b7   Thumb Code     0  startup_stm32f407xx.o(.text)
    EXTI1_IRQHandler                         0x080001b7   Thumb Code     0  startup_stm32f407xx.o(.text)
    EXTI2_IRQHandler                         0x080001b7   Thumb Code     0  startup_stm32f407xx.o(.text)
    EXTI3_IRQHandler                         0x080001b7   Thumb Code     0  startup_stm32f407xx.o(.text)
    EXTI4_IRQHandler                         0x080001b7   Thumb Code     0  startup_stm32f407xx.o(.text)
    EXTI9_5_IRQHandler                       0x080001b7   Thumb Code     0  startup_stm32f407xx.o(.text)
    FLASH_IRQHandler                         0x080001b7   Thumb Code     0  startup_stm32f407xx.o(.text)
    FMC_IRQHandler                           0x080001b7   Thumb Code     0  startup_stm32f407xx.o(.text)
    FPU_IRQHandler                           0x080001b7   Thumb Code     0  startup_stm32f407xx.o(.text)
    HASH_RNG_IRQHandler                      0x080001b7   Thumb Code     0  startup_stm32f407xx.o(.text)
    I2C1_ER_IRQHandler                       0x080001b7   Thumb Code     0  startup_stm32f407xx.o(.text)
    I2C1_EV_IRQHandler                       0x080001b7   Thumb Code     0  startup_stm32f407xx.o(.text)
    I2C2_ER_IRQHandler                       0x080001b7   Thumb Code     0  startup_stm32f407xx.o(.text)
    I2C2_EV_IRQHandler                       0x080001b7   Thumb Code     0  startup_stm32f407xx.o(.text)
    I2C3_ER_IRQHandler                       0x080001b7   Thumb Code     0  startup_stm32f407xx.o(.text)
    I2C3_EV_IRQHandler                       0x080001b7   Thumb Code     0  startup_stm32f407xx.o(.text)
    OTG_FS_WKUP_IRQHandler                   0x080001b7   Thumb Code     0  startup_stm32f407xx.o(.text)
    OTG_HS_EP1_IN_IRQHandler                 0x080001b7   Thumb Code     0  startup_stm32f407xx.o(.text)
    OTG_HS_EP1_OUT_IRQHandler                0x080001b7   Thumb Code     0  startup_stm32f407xx.o(.text)
    OTG_HS_IRQHandler                        0x080001b7   Thumb Code     0  startup_stm32f407xx.o(.text)
    OTG_HS_WKUP_IRQHandler                   0x080001b7   Thumb Code     0  startup_stm32f407xx.o(.text)
    PVD_IRQHandler                           0x080001b7   Thumb Code     0  startup_stm32f407xx.o(.text)
    RCC_IRQHandler                           0x080001b7   Thumb Code     0  startup_stm32f407xx.o(.text)
    RTC_Alarm_IRQHandler                     0x080001b7   Thumb Code     0  startup_stm32f407xx.o(.text)
    RTC_WKUP_IRQHandler                      0x080001b7   Thumb Code     0  startup_stm32f407xx.o(.text)
    SDIO_IRQHandler                          0x080001b7   Thumb Code     0  startup_stm32f407xx.o(.text)
    SPI1_IRQHandler                          0x080001b7   Thumb Code     0  startup_stm32f407xx.o(.text)
    SPI2_IRQHandler                          0x080001b7   Thumb Code     0  startup_stm32f407xx.o(.text)
    SPI3_IRQHandler                          0x080001b7   Thumb Code     0  startup_stm32f407xx.o(.text)
    TAMP_STAMP_IRQHandler                    0x080001b7   Thumb Code     0  startup_stm32f407xx.o(.text)
    TIM1_BRK_TIM9_IRQHandler                 0x080001b7   Thumb Code     0  startup_stm32f407xx.o(.text)
    TIM1_CC_IRQHandler                       0x080001b7   Thumb Code     0  startup_stm32f407xx.o(.text)
    TIM1_TRG_COM_TIM11_IRQHandler            0x080001b7   Thumb Code     0  startup_stm32f407xx.o(.text)
    TIM1_UP_TIM10_IRQHandler                 0x080001b7   Thumb Code     0  startup_stm32f407xx.o(.text)
    TIM2_IRQHandler                          0x080001b7   Thumb Code     0  startup_stm32f407xx.o(.text)
    TIM3_IRQHandler                          0x080001b7   Thumb Code     0  startup_stm32f407xx.o(.text)
    TIM4_IRQHandler                          0x080001b7   Thumb Code     0  startup_stm32f407xx.o(.text)
    TIM5_IRQHandler                          0x080001b7   Thumb Code     0  startup_stm32f407xx.o(.text)
    TIM6_DAC_IRQHandler                      0x080001b7   Thumb Code     0  startup_stm32f407xx.o(.text)
    TIM7_IRQHandler                          0x080001b7   Thumb Code     0  startup_stm32f407xx.o(.text)
    TIM8_BRK_TIM12_IRQHandler                0x080001b7   Thumb Code     0  startup_stm32f407xx.o(.text)
    TIM8_CC_IRQHandler                       0x080001b7   Thumb Code     0  startup_stm32f407xx.o(.text)
    TIM8_TRG_COM_TIM14_IRQHandler            0x080001b7   Thumb Code     0  startup_stm32f407xx.o(.text)
    TIM8_UP_TIM13_IRQHandler                 0x080001b7   Thumb Code     0  startup_stm32f407xx.o(.text)
    UART4_IRQHandler                         0x080001b7   Thumb Code     0  startup_stm32f407xx.o(.text)
    UART5_IRQHandler                         0x080001b7   Thumb Code     0  startup_stm32f407xx.o(.text)
    USART1_IRQHandler                        0x080001b7   Thumb Code     0  startup_stm32f407xx.o(.text)
    USART2_IRQHandler                        0x080001b7   Thumb Code     0  startup_stm32f407xx.o(.text)
    USART3_IRQHandler                        0x080001b7   Thumb Code     0  startup_stm32f407xx.o(.text)
    USART6_IRQHandler                        0x080001b7   Thumb Code     0  startup_stm32f407xx.o(.text)
    WWDG_IRQHandler                          0x080001b7   Thumb Code     0  startup_stm32f407xx.o(.text)
    __aeabi_memcpy                           0x080001c1   Thumb Code    36  memcpya.o(.text)
    __aeabi_memcpy4                          0x080001c1   Thumb Code     0  memcpya.o(.text)
    __aeabi_memcpy8                          0x080001c1   Thumb Code     0  memcpya.o(.text)
    __aeabi_memset                           0x080001e5   Thumb Code    14  memseta.o(.text)
    __aeabi_memset4                          0x080001e5   Thumb Code     0  memseta.o(.text)
    __aeabi_memset8                          0x080001e5   Thumb Code     0  memseta.o(.text)
    __aeabi_memclr                           0x080001f3   Thumb Code     4  memseta.o(.text)
    __aeabi_memclr4                          0x080001f3   Thumb Code     0  memseta.o(.text)
    __aeabi_memclr8                          0x080001f3   Thumb Code     0  memseta.o(.text)
    _memset$wrapper                          0x080001f7   Thumb Code    18  memseta.o(.text)
    strlen                                   0x08000209   Thumb Code    14  strlen.o(.text)
    __aeabi_uidiv                            0x08000217   Thumb Code     0  uidiv.o(.text)
    __aeabi_uidivmod                         0x08000217   Thumb Code    44  uidiv.o(.text)
    __scatterload                            0x08000245   Thumb Code    28  init.o(.text)
    __scatterload_rt2                        0x08000245   Thumb Code     0  init.o(.text)
    __decompress                             0x08000269   Thumb Code     0  __dczerorl2.o(.text)
    __decompress1                            0x08000269   Thumb Code    86  __dczerorl2.o(.text)
    BusFault_Handler                         0x080002bf   Thumb Code     2  stm32f4xx_it.o(i.BusFault_Handler)
    CDC_Transmit_FS                          0x08000305   Thumb Code    38  usbd_cdc_if.o(i.CDC_Transmit_FS)
    DebugMon_Handler                         0x08000331   Thumb Code     2  stm32f4xx_it.o(i.DebugMon_Handler)
    HAL_Delay                                0x08000333   Thumb Code    28  stm32f4xx_hal.o(i.HAL_Delay)
    HAL_GPIO_Init                            0x08000351   Thumb Code   388  stm32f4xx_hal_gpio.o(i.HAL_GPIO_Init)
    HAL_GetTick                              0x08000501   Thumb Code     6  stm32f4xx_hal.o(i.HAL_GetTick)
    HAL_I2C_Init                             0x0800050d   Thumb Code   254  stm32f4xx_hal_i2c.o(i.HAL_I2C_Init)
    HAL_I2C_Master_Receive                   0x08000615   Thumb Code   474  stm32f4xx_hal_i2c.o(i.HAL_I2C_Master_Receive)
    HAL_I2C_Master_Transmit                  0x080007fd   Thumb Code   304  stm32f4xx_hal_i2c.o(i.HAL_I2C_Master_Transmit)
    HAL_I2C_MspInit                          0x08000935   Thumb Code    62  stm32f4xx_hal_msp.o(i.HAL_I2C_MspInit)
    HAL_IncTick                              0x08000981   Thumb Code    10  stm32f4xx_hal.o(i.HAL_IncTick)
    HAL_Init                                 0x08000991   Thumb Code    48  stm32f4xx_hal.o(i.HAL_Init)
    HAL_InitTick                             0x080009c5   Thumb Code    34  stm32f4xx_hal.o(i.HAL_InitTick)
    HAL_MspInit                              0x080009ed   Thumb Code    88  stm32f4xx_hal_msp.o(i.HAL_MspInit)
    HAL_NVIC_EnableIRQ                       0x08000a45   Thumb Code    22  stm32f4xx_hal_cortex.o(i.HAL_NVIC_EnableIRQ)
    HAL_NVIC_SetPriority                     0x08000a5d   Thumb Code    60  stm32f4xx_hal_cortex.o(i.HAL_NVIC_SetPriority)
    HAL_NVIC_SetPriorityGrouping             0x08000a9d   Thumb Code    26  stm32f4xx_hal_cortex.o(i.HAL_NVIC_SetPriorityGrouping)
    HAL_PCDEx_SetRxFiFo                      0x08000ac1   Thumb Code     8  stm32f4xx_hal_pcd_ex.o(i.HAL_PCDEx_SetRxFiFo)
    HAL_PCDEx_SetTxFiFo                      0x08000ac9   Thumb Code    68  stm32f4xx_hal_pcd_ex.o(i.HAL_PCDEx_SetTxFiFo)
    HAL_PCD_ConnectCallback                  0x08000b0d   Thumb Code     8  usbd_conf.o(i.HAL_PCD_ConnectCallback)
    HAL_PCD_DataInStageCallback              0x08000b15   Thumb Code    18  usbd_conf.o(i.HAL_PCD_DataInStageCallback)
    HAL_PCD_DataOutStageCallback             0x08000b27   Thumb Code    20  usbd_conf.o(i.HAL_PCD_DataOutStageCallback)
    HAL_PCD_DisconnectCallback               0x08000b3b   Thumb Code     8  usbd_conf.o(i.HAL_PCD_DisconnectCallback)
    HAL_PCD_EP_Close                         0x08000b43   Thumb Code    68  stm32f4xx_hal_pcd.o(i.HAL_PCD_EP_Close)
    HAL_PCD_EP_ClrStall                      0x08000b87   Thumb Code    80  stm32f4xx_hal_pcd.o(i.HAL_PCD_EP_ClrStall)
    HAL_PCD_EP_GetRxCount                    0x08000bd7   Thumb Code    20  stm32f4xx_hal_pcd.o(i.HAL_PCD_EP_GetRxCount)
    HAL_PCD_EP_Open                          0x08000beb   Thumb Code    84  stm32f4xx_hal_pcd.o(i.HAL_PCD_EP_Open)
    HAL_PCD_EP_Receive                       0x08000c3f   Thumb Code    72  stm32f4xx_hal_pcd.o(i.HAL_PCD_EP_Receive)
    HAL_PCD_EP_SetStall                      0x08000c87   Thumb Code    96  stm32f4xx_hal_pcd.o(i.HAL_PCD_EP_SetStall)
    HAL_PCD_EP_Transmit                      0x08000ce7   Thumb Code    64  stm32f4xx_hal_pcd.o(i.HAL_PCD_EP_Transmit)
    HAL_PCD_IRQHandler                       0x08000d29   Thumb Code  1196  stm32f4xx_hal_pcd.o(i.HAL_PCD_IRQHandler)
    HAL_PCD_ISOINIncompleteCallback          0x0800121d   Thumb Code     8  usbd_conf.o(i.HAL_PCD_ISOINIncompleteCallback)
    HAL_PCD_ISOOUTIncompleteCallback         0x08001225   Thumb Code     8  usbd_conf.o(i.HAL_PCD_ISOOUTIncompleteCallback)
    HAL_PCD_Init                             0x0800122d   Thumb Code   190  stm32f4xx_hal_pcd.o(i.HAL_PCD_Init)
    HAL_PCD_MspInit                          0x080012ed   Thumb Code    92  usbd_conf.o(i.HAL_PCD_MspInit)
    HAL_PCD_ResetCallback                    0x08001351   Thumb Code    32  usbd_conf.o(i.HAL_PCD_ResetCallback)
    HAL_PCD_ResumeCallback                   0x08001371   Thumb Code     8  usbd_conf.o(i.HAL_PCD_ResumeCallback)
    HAL_PCD_SOFCallback                      0x08001379   Thumb Code     8  usbd_conf.o(i.HAL_PCD_SOFCallback)
    HAL_PCD_SetAddress                       0x08001381   Thumb Code    36  stm32f4xx_hal_pcd.o(i.HAL_PCD_SetAddress)
    HAL_PCD_SetupStageCallback               0x080013a5   Thumb Code    14  usbd_conf.o(i.HAL_PCD_SetupStageCallback)
    HAL_PCD_Start                            0x080013b3   Thumb Code    42  stm32f4xx_hal_pcd.o(i.HAL_PCD_Start)
    HAL_PCD_SuspendCallback                  0x080013dd   Thumb Code    44  usbd_conf.o(i.HAL_PCD_SuspendCallback)
    HAL_RCC_ClockConfig                      0x0800140d   Thumb Code   364  stm32f4xx_hal_rcc.o(i.HAL_RCC_ClockConfig)
    HAL_RCC_GetHCLKFreq                      0x08001589   Thumb Code     6  stm32f4xx_hal_rcc.o(i.HAL_RCC_GetHCLKFreq)
    HAL_RCC_GetPCLK1Freq                     0x08001595   Thumb Code    34  stm32f4xx_hal_rcc.o(i.HAL_RCC_GetPCLK1Freq)
    HAL_RCC_GetSysClockFreq                  0x080015c5   Thumb Code   104  stm32f4xx_hal_rcc.o(i.HAL_RCC_GetSysClockFreq)
    HAL_RCC_OscConfig                        0x08001635   Thumb Code   770  stm32f4xx_hal_rcc.o(i.HAL_RCC_OscConfig)
    HAL_SYSTICK_CLKSourceConfig              0x08001949   Thumb Code    24  stm32f4xx_hal_cortex.o(i.HAL_SYSTICK_CLKSourceConfig)
    HAL_SYSTICK_Callback                     0x08001961   Thumb Code     2  stm32f4xx_hal_cortex.o(i.HAL_SYSTICK_Callback)
    HAL_SYSTICK_Config                       0x08001963   Thumb Code    40  stm32f4xx_hal_cortex.o(i.HAL_SYSTICK_Config)
    HAL_SYSTICK_IRQHandler                   0x0800198b   Thumb Code     8  stm32f4xx_hal_cortex.o(i.HAL_SYSTICK_IRQHandler)
    HardFault_Handler                        0x08001993   Thumb Code     2  stm32f4xx_it.o(i.HardFault_Handler)
    MX_USB_DEVICE_Init                       0x08001d51   Thumb Code    38  usb_device.o(i.MX_USB_DEVICE_Init)
    MemManage_Handler                        0x08001d89   Thumb Code     2  stm32f4xx_it.o(i.MemManage_Handler)
    NMI_Handler                              0x08001d8b   Thumb Code     2  stm32f4xx_it.o(i.NMI_Handler)
    OTG_FS_IRQHandler                        0x08001dad   Thumb Code     6  stm32f4xx_it.o(i.OTG_FS_IRQHandler)
    PendSV_Handler                           0x08001e41   Thumb Code     2  stm32f4xx_it.o(i.PendSV_Handler)
    RDA5807m_GetChan                         0x08001e45   Thumb Code    40  rda5807m.o(i.RDA5807m_GetChan)
    RDA5807m_GetRSSI                         0x08001e75   Thumb Code    40  rda5807m.o(i.RDA5807m_GetRSSI)
    RDA5807m_Init                            0x08001ea5   Thumb Code    30  rda5807m.o(i.RDA5807m_Init)
    RDA5807m_Send                            0x08001ec9   Thumb Code    48  rda5807m.o(i.RDA5807m_Send)
    RDA5807m_SetBand                         0x08001f01   Thumb Code    22  rda5807m.o(i.RDA5807m_SetBand)
    RDA5807m_SetFreq                         0x08001f1d   Thumb Code   210  rda5807m.o(i.RDA5807m_SetFreq)
    RDA5807m_SetStep                         0x08002021   Thumb Code    22  rda5807m.o(i.RDA5807m_SetStep)
    SVC_Handler                              0x0800203d   Thumb Code     2  stm32f4xx_it.o(i.SVC_Handler)
    SwapBytes                                0x0800203f   Thumb Code    12  rda5807m.o(i.SwapBytes)
    SysTick_Handler                          0x0800204b   Thumb Code    14  stm32f4xx_it.o(i.SysTick_Handler)
    SystemClock_Config                       0x08002059   Thumb Code   150  main.o(i.SystemClock_Config)
    SystemInit                               0x080020f9   Thumb Code    66  system_stm32f4xx.o(i.SystemInit)
    USBD_CDC_GetDeviceQualifierDescriptor    0x080021f1   Thumb Code     8  usbd_cdc.o(i.USBD_CDC_GetDeviceQualifierDescriptor)
    USBD_CDC_ReceivePacket                   0x080022a9   Thumb Code    40  usbd_cdc.o(i.USBD_CDC_ReceivePacket)
    USBD_CDC_RegisterInterface               0x080022d1   Thumb Code    16  usbd_cdc.o(i.USBD_CDC_RegisterInterface)
    USBD_CDC_SetRxBuffer                     0x080022e1   Thumb Code    12  usbd_cdc.o(i.USBD_CDC_SetRxBuffer)
    USBD_CDC_SetTxBuffer                     0x080022ed   Thumb Code    16  usbd_cdc.o(i.USBD_CDC_SetTxBuffer)
    USBD_CDC_TransmitPacket                  0x0800236d   Thumb Code    48  usbd_cdc.o(i.USBD_CDC_TransmitPacket)
    USBD_ClrClassConfig                      0x0800239d   Thumb Code    14  usbd_core.o(i.USBD_ClrClassConfig)
    USBD_CtlContinueRx                       0x080023ab   Thumb Code    16  usbd_ioreq.o(i.USBD_CtlContinueRx)
    USBD_CtlContinueSendData                 0x080023bb   Thumb Code    16  usbd_ioreq.o(i.USBD_CtlContinueSendData)
    USBD_CtlError                            0x080023cb   Thumb Code    22  usbd_ctlreq.o(i.USBD_CtlError)
    USBD_CtlPrepareRx                        0x080023e1   Thumb Code    30  usbd_ioreq.o(i.USBD_CtlPrepareRx)
    USBD_CtlReceiveStatus                    0x080023ff   Thumb Code    22  usbd_ioreq.o(i.USBD_CtlReceiveStatus)
    USBD_CtlSendData                         0x08002415   Thumb Code    26  usbd_ioreq.o(i.USBD_CtlSendData)
    USBD_CtlSendStatus                       0x0800242f   Thumb Code    22  usbd_ioreq.o(i.USBD_CtlSendStatus)
    USBD_FS_ConfigStrDescriptor              0x08002445   Thumb Code    16  usbd_desc.o(i.USBD_FS_ConfigStrDescriptor)
    USBD_FS_DeviceDescriptor                 0x08002465   Thumb Code     8  usbd_desc.o(i.USBD_FS_DeviceDescriptor)
    USBD_FS_InterfaceStrDescriptor           0x08002471   Thumb Code    16  usbd_desc.o(i.USBD_FS_InterfaceStrDescriptor)
    USBD_FS_LangIDStrDescriptor              0x08002495   Thumb Code     8  usbd_desc.o(i.USBD_FS_LangIDStrDescriptor)
    USBD_FS_ManufacturerStrDescriptor        0x080024a1   Thumb Code    16  usbd_desc.o(i.USBD_FS_ManufacturerStrDescriptor)
    USBD_FS_ProductStrDescriptor             0x080024c9   Thumb Code    16  usbd_desc.o(i.USBD_FS_ProductStrDescriptor)
    USBD_FS_SerialStrDescriptor              0x080024f5   Thumb Code    16  usbd_desc.o(i.USBD_FS_SerialStrDescriptor)
    USBD_GetString                           0x080025f9   Thumb Code    70  usbd_ctlreq.o(i.USBD_GetString)
    USBD_Init                                0x0800263f   Thumb Code    42  usbd_core.o(i.USBD_Init)
    USBD_LL_ClearStallEP                     0x08002669   Thumb Code    32  usbd_conf.o(i.USBD_LL_ClearStallEP)
    USBD_LL_CloseEP                          0x08002689   Thumb Code    32  usbd_conf.o(i.USBD_LL_CloseEP)
    USBD_LL_DataInStage                      0x080026a9   Thumb Code   170  usbd_core.o(i.USBD_LL_DataInStage)
    USBD_LL_DataOutStage                     0x08002753   Thumb Code   106  usbd_core.o(i.USBD_LL_DataOutStage)
    USBD_LL_DevConnected                     0x080027bd   Thumb Code     4  usbd_core.o(i.USBD_LL_DevConnected)
    USBD_LL_DevDisconnected                  0x080027c1   Thumb Code    22  usbd_core.o(i.USBD_LL_DevDisconnected)
    USBD_LL_GetRxDataSize                    0x080027d7   Thumb Code     8  usbd_conf.o(i.USBD_LL_GetRxDataSize)
    USBD_LL_Init                             0x080027e1   Thumb Code   100  usbd_conf.o(i.USBD_LL_Init)
    USBD_LL_IsStallEP                        0x0800285d   Thumb Code    32  usbd_conf.o(i.USBD_LL_IsStallEP)
    USBD_LL_IsoINIncomplete                  0x0800287d   Thumb Code     4  usbd_core.o(i.USBD_LL_IsoINIncomplete)
    USBD_LL_IsoOUTIncomplete                 0x08002881   Thumb Code     4  usbd_core.o(i.USBD_LL_IsoOUTIncomplete)
    USBD_LL_OpenEP                           0x08002885   Thumb Code    38  usbd_conf.o(i.USBD_LL_OpenEP)
    USBD_LL_PrepareReceive                   0x080028ab   Thumb Code    32  usbd_conf.o(i.USBD_LL_PrepareReceive)
    USBD_LL_Reset                            0x080028cb   Thumb Code    62  usbd_core.o(i.USBD_LL_Reset)
    USBD_LL_Resume                           0x08002909   Thumb Code    12  usbd_core.o(i.USBD_LL_Resume)
    USBD_LL_SOF                              0x08002915   Thumb Code    24  usbd_core.o(i.USBD_LL_SOF)
    USBD_LL_SetSpeed                         0x0800292d   Thumb Code     6  usbd_core.o(i.USBD_LL_SetSpeed)
    USBD_LL_SetUSBAddress                    0x08002933   Thumb Code    32  usbd_conf.o(i.USBD_LL_SetUSBAddress)
    USBD_LL_SetupStage                       0x08002953   Thumb Code    90  usbd_core.o(i.USBD_LL_SetupStage)
    USBD_LL_StallEP                          0x080029ad   Thumb Code    32  usbd_conf.o(i.USBD_LL_StallEP)
    USBD_LL_Start                            0x080029cd   Thumb Code    32  usbd_conf.o(i.USBD_LL_Start)
    USBD_LL_Suspend                          0x080029ed   Thumb Code    18  usbd_core.o(i.USBD_LL_Suspend)
    USBD_LL_Transmit                         0x080029ff   Thumb Code    32  usbd_conf.o(i.USBD_LL_Transmit)
    USBD_ParseSetupRequest                   0x08002a1f   Thumb Code    40  usbd_ctlreq.o(i.USBD_ParseSetupRequest)
    USBD_RegisterClass                       0x08002a47   Thumb Code    16  usbd_core.o(i.USBD_RegisterClass)
    USBD_SetClassConfig                      0x08002a57   Thumb Code    22  usbd_core.o(i.USBD_SetClassConfig)
    USBD_Start                               0x08002ae1   Thumb Code    10  usbd_core.o(i.USBD_Start)
    USBD_StdDevReq                           0x08002aeb   Thumb Code   242  usbd_ctlreq.o(i.USBD_StdDevReq)
    USBD_StdEPReq                            0x08002bdd   Thumb Code   220  usbd_ctlreq.o(i.USBD_StdEPReq)
    USBD_StdItfReq                           0x08002cb9   Thumb Code    52  usbd_ctlreq.o(i.USBD_StdItfReq)
    USB_ActivateEndpoint                     0x08002ced   Thumb Code   122  stm32f4xx_ll_usb.o(i.USB_ActivateEndpoint)
    USB_ActivateSetup                        0x08002d6d   Thumb Code    52  stm32f4xx_ll_usb.o(i.USB_ActivateSetup)
    USB_CoreInit                             0x08002da1   Thumb Code   104  stm32f4xx_ll_usb.o(i.USB_CoreInit)
    USB_DeactivateEndpoint                   0x08002e45   Thumb Code   196  stm32f4xx_ll_usb.o(i.USB_DeactivateEndpoint)
    USB_DevConnect                           0x08002f0d   Thumb Code    24  stm32f4xx_ll_usb.o(i.USB_DevConnect)
    USB_DevDisconnect                        0x08002f25   Thumb Code    24  stm32f4xx_ll_usb.o(i.USB_DevDisconnect)
    USB_DevInit                              0x08002f3d   Thumb Code   302  stm32f4xx_ll_usb.o(i.USB_DevInit)
    USB_DisableGlobalInt                     0x0800307d   Thumb Code    12  stm32f4xx_ll_usb.o(i.USB_DisableGlobalInt)
    USB_EP0StartXfer                         0x08003089   Thumb Code   316  stm32f4xx_ll_usb.o(i.USB_EP0StartXfer)
    USB_EP0_OutStart                         0x080031c9   Thumb Code    62  stm32f4xx_ll_usb.o(i.USB_EP0_OutStart)
    USB_EPClearStall                         0x08003207   Thumb Code   100  stm32f4xx_ll_usb.o(i.USB_EPClearStall)
    USB_EPSetStall                           0x0800326b   Thumb Code    94  stm32f4xx_ll_usb.o(i.USB_EPSetStall)
    USB_EPStartXfer                          0x080032c9   Thumb Code   534  stm32f4xx_ll_usb.o(i.USB_EPStartXfer)
    USB_EnableGlobalInt                      0x080034e5   Thumb Code    12  stm32f4xx_ll_usb.o(i.USB_EnableGlobalInt)
    USB_FlushRxFifo                          0x080034f1   Thumb Code    28  stm32f4xx_ll_usb.o(i.USB_FlushRxFifo)
    USB_FlushTxFifo                          0x08003511   Thumb Code    32  stm32f4xx_ll_usb.o(i.USB_FlushTxFifo)
    USB_GetDevSpeed                          0x08003535   Thumb Code    60  stm32f4xx_ll_usb.o(i.USB_GetDevSpeed)
    USB_GetMode                              0x08003571   Thumb Code     8  stm32f4xx_ll_usb.o(i.USB_GetMode)
    USB_ReadDevAllInEpInterrupt              0x08003579   Thumb Code    14  stm32f4xx_ll_usb.o(i.USB_ReadDevAllInEpInterrupt)
    USB_ReadDevAllOutEpInterrupt             0x08003587   Thumb Code    14  stm32f4xx_ll_usb.o(i.USB_ReadDevAllOutEpInterrupt)
    USB_ReadDevInEPInterrupt                 0x08003595   Thumb Code    30  stm32f4xx_ll_usb.o(i.USB_ReadDevInEPInterrupt)
    USB_ReadDevOutEPInterrupt                0x080035b3   Thumb Code    16  stm32f4xx_ll_usb.o(i.USB_ReadDevOutEPInterrupt)
    USB_ReadInterrupts                       0x080035c3   Thumb Code     8  stm32f4xx_ll_usb.o(i.USB_ReadInterrupts)
    USB_ReadPacket                           0x080035cb   Thumb Code    32  stm32f4xx_ll_usb.o(i.USB_ReadPacket)
    USB_SetCurrentMode                       0x080035eb   Thumb Code    44  stm32f4xx_ll_usb.o(i.USB_SetCurrentMode)
    USB_SetDevAddress                        0x08003617   Thumb Code    34  stm32f4xx_ll_usb.o(i.USB_SetDevAddress)
    USB_WritePacket                          0x08003639   Thumb Code    40  stm32f4xx_ll_usb.o(i.USB_WritePacket)
    UsageFault_Handler                       0x08003661   Thumb Code     2  stm32f4xx_it.o(i.UsageFault_Handler)
    _Error_Handler                           0x08003663   Thumb Code     2  main.o(i._Error_Handler)
    __0sprintf$1                             0x08003665   Thumb Code    34  printf1.o(i.__0sprintf$1)
    __1sprintf$1                             0x08003665   Thumb Code     0  printf1.o(i.__0sprintf$1)
    __2sprintf                               0x08003665   Thumb Code     0  printf1.o(i.__0sprintf$1)
    __scatterload_copy                       0x0800368d   Thumb Code    14  handlers.o(i.__scatterload_copy)
    __scatterload_null                       0x0800369b   Thumb Code     2  handlers.o(i.__scatterload_null)
    __scatterload_zeroinit                   0x0800369d   Thumb Code    14  handlers.o(i.__scatterload_zeroinit)
    free                                     0x0800380d   Thumb Code    76  malloc.o(i.free)
    main                                     0x0800385d   Thumb Code   172  main.o(i.main)
    malloc                                   0x0800392d   Thumb Code    92  malloc.o(i.malloc)
    AHBPrescTable                            0x08003998   Data          16  system_stm32f4xx.o(.constdata)
    APBPrescTable                            0x080039a8   Data           8  system_stm32f4xx.o(.constdata)
    Region$$Table$$Base                      0x080039b0   Number         0  anon$$obj.o(Region$$Table)
    Region$$Table$$Limit                     0x080039d0   Number         0  anon$$obj.o(Region$$Table)
    SystemCoreClock                          0x20000000   Data           4  system_stm32f4xx.o(.data)
    RDA5807m_CTRL_REG                        0x20000004   Data           2  rda5807m.o(.data)
    RDA5807m_CHAN_REG                        0x20000006   Data           2  rda5807m.o(.data)
    RDA5807m_I2C_Buff                        0x20000008   Data           4  rda5807m.o(.data)
    USBD_Interface_fops_FS                   0x2000000c   Data          16  usbd_cdc_if.o(.data)
    UserRxBufferFS                           0x2000001c   Data           4  usbd_cdc_if.o(.data)
    UserTxBufferFS                           0x20000020   Data           4  usbd_cdc_if.o(.data)
    FS_Desc                                  0x20000024   Data          28  usbd_desc.o(.data)
    USBD_LangIDDesc                          0x20000040   Data           4  usbd_desc.o(.data)
    USBD_FS_DeviceDesc                       0x20000044   Data          18  usbd_desc.o(.data)
    uwTick                                   0x20000058   Data           4  stm32f4xx_hal.o(.data)
    USBD_CDC_CfgHSDesc                       0x2000006c   Data          67  usbd_cdc.o(.data)
    USBD_CDC_CfgFSDesc                       0x200000b0   Data          67  usbd_cdc.o(.data)
    USBD_CDC_OtherSpeedCfgDesc               0x200000f4   Data          67  usbd_cdc.o(.data)
    USBD_CDC                                 0x20000138   Data          56  usbd_cdc.o(.data)
    __microlib_freelist                      0x20000174   Data           4  mvars.o(.data)
    __microlib_freelist_initialised          0x20000178   Data           4  mvars.o(.data)
    hi2c1                                    0x2000017c   Data          84  main.o(.bss)
    MsgBuff                                  0x200001d0   Data         256  main.o(.bss)
    hpcd_USB_OTG_FS                          0x200002d0   Data        1008  usbd_conf.o(.bss)
    USBD_StrDesc                             0x200006c0   Data         512  usbd_desc.o(.bss)
    hUsbDeviceFS                             0x200008c0   Data         548  usb_device.o(.bss)
    __heap_base                              0x20000ae8   Data           0  startup_stm32f407xx.o(HEAP)
    __heap_limit                             0x20001ae8   Data           0  startup_stm32f407xx.o(HEAP)
    __initial_sp                             0x20003ae8   Data           0  startup_stm32f407xx.o(STACK)



==============================================================================

Memory Map of the image

  Image Entry point : 0x08000189

  Load Region LR_IROM1 (Base: 0x08000000, Size: 0x00003b4c, Max: 0x00100000, ABSOLUTE, COMPRESSED[0x00003a8c])

    Execution Region ER_IROM1 (Base: 0x08000000, Size: 0x000039d0, Max: 0x00100000, ABSOLUTE)

    Base Addr    Size         Type   Attr      Idx    E Section Name        Object

    0x08000000   0x00000188   Data   RO          769    RESET               startup_stm32f407xx.o
    0x08000188   0x00000000   Code   RO         3138  * .ARM.Collect$$$$00000000  mc_w.l(entry.o)
    0x08000188   0x00000004   Code   RO         3438    .ARM.Collect$$$$00000001  mc_w.l(entry2.o)
    0x0800018c   0x00000004   Code   RO         3441    .ARM.Collect$$$$00000004  mc_w.l(entry5.o)
    0x08000190   0x00000000   Code   RO         3443    .ARM.Collect$$$$00000008  mc_w.l(entry7b.o)
    0x08000190   0x00000000   Code   RO         3445    .ARM.Collect$$$$0000000A  mc_w.l(entry8b.o)
    0x08000190   0x00000008   Code   RO         3446    .ARM.Collect$$$$0000000B  mc_w.l(entry9a.o)
    0x08000198   0x00000000   Code   RO         3448    .ARM.Collect$$$$0000000D  mc_w.l(entry10a.o)
    0x08000198   0x00000000   Code   RO         3450    .ARM.Collect$$$$0000000F  mc_w.l(entry11a.o)
    0x08000198   0x00000004   Code   RO         3439    .ARM.Collect$$$$00002712  mc_w.l(entry2.o)
    0x0800019c   0x00000024   Code   RO          770    .text               startup_stm32f407xx.o
    0x080001c0   0x00000024   Code   RO         3141    .text               mc_w.l(memcpya.o)
    0x080001e4   0x00000024   Code   RO         3143    .text               mc_w.l(memseta.o)
    0x08000208   0x0000000e   Code   RO         3145    .text               mc_w.l(strlen.o)
    0x08000216   0x0000002c   Code   RO         3455    .text               mc_w.l(uidiv.o)
    0x08000242   0x00000002   PAD
    0x08000244   0x00000024   Code   RO         3472    .text               mc_w.l(init.o)
    0x08000268   0x00000056   Code   RO         3492    .text               mc_w.l(__dczerorl2.o)
    0x080002be   0x00000002   Code   RO          180    i.BusFault_Handler  stm32f4xx_it.o
    0x080002c0   0x00000004   Code   RO          427    i.CDC_Control_FS    usbd_cdc_if.o
    0x080002c4   0x00000004   Code   RO          428    i.CDC_DeInit_FS     usbd_cdc_if.o
    0x080002c8   0x00000024   Code   RO          429    i.CDC_Init_FS       usbd_cdc_if.o
    0x080002ec   0x00000018   Code   RO          430    i.CDC_Receive_FS    usbd_cdc_if.o
    0x08000304   0x0000002c   Code   RO          431    i.CDC_Transmit_FS   usbd_cdc_if.o
    0x08000330   0x00000002   Code   RO          181    i.DebugMon_Handler  stm32f4xx_it.o
    0x08000332   0x0000001c   Code   RO         1100    i.HAL_Delay         stm32f4xx_hal.o
    0x0800034e   0x00000002   PAD
    0x08000350   0x000001b0   Code   RO         1350    i.HAL_GPIO_Init     stm32f4xx_hal_gpio.o
    0x08000500   0x0000000c   Code   RO         1106    i.HAL_GetTick       stm32f4xx_hal.o
    0x0800050c   0x00000108   Code   RO         1442    i.HAL_I2C_Init      stm32f4xx_hal_i2c.o
    0x08000614   0x000001e8   Code   RO         1448    i.HAL_I2C_Master_Receive  stm32f4xx_hal_i2c.o
    0x080007fc   0x00000138   Code   RO         1453    i.HAL_I2C_Master_Transmit  stm32f4xx_hal_i2c.o
    0x08000934   0x0000004c   Code   RO          141    i.HAL_I2C_MspInit   stm32f4xx_hal_msp.o
    0x08000980   0x00000010   Code   RO         1108    i.HAL_IncTick       stm32f4xx_hal.o
    0x08000990   0x00000034   Code   RO         1109    i.HAL_Init          stm32f4xx_hal.o
    0x080009c4   0x00000028   Code   RO         1110    i.HAL_InitTick      stm32f4xx_hal.o
    0x080009ec   0x00000058   Code   RO          142    i.HAL_MspInit       stm32f4xx_hal_msp.o
    0x08000a44   0x00000016   Code   RO         1958    i.HAL_NVIC_EnableIRQ  stm32f4xx_hal_cortex.o
    0x08000a5a   0x00000002   PAD
    0x08000a5c   0x00000040   Code   RO         1964    i.HAL_NVIC_SetPriority  stm32f4xx_hal_cortex.o
    0x08000a9c   0x00000024   Code   RO         1965    i.HAL_NVIC_SetPriorityGrouping  stm32f4xx_hal_cortex.o
    0x08000ac0   0x00000008   Code   RO         2244    i.HAL_PCDEx_SetRxFiFo  stm32f4xx_hal_pcd_ex.o
    0x08000ac8   0x00000044   Code   RO         2245    i.HAL_PCDEx_SetTxFiFo  stm32f4xx_hal_pcd_ex.o
    0x08000b0c   0x00000008   Code   RO          479    i.HAL_PCD_ConnectCallback  usbd_conf.o
    0x08000b14   0x00000012   Code   RO          480    i.HAL_PCD_DataInStageCallback  usbd_conf.o
    0x08000b26   0x00000014   Code   RO          481    i.HAL_PCD_DataOutStageCallback  usbd_conf.o
    0x08000b3a   0x00000008   Code   RO          482    i.HAL_PCD_DisconnectCallback  usbd_conf.o
    0x08000b42   0x00000044   Code   RO         2566    i.HAL_PCD_EP_Close  stm32f4xx_hal_pcd.o
    0x08000b86   0x00000050   Code   RO         2567    i.HAL_PCD_EP_ClrStall  stm32f4xx_hal_pcd.o
    0x08000bd6   0x00000014   Code   RO         2569    i.HAL_PCD_EP_GetRxCount  stm32f4xx_hal_pcd.o
    0x08000bea   0x00000054   Code   RO         2570    i.HAL_PCD_EP_Open   stm32f4xx_hal_pcd.o
    0x08000c3e   0x00000048   Code   RO         2571    i.HAL_PCD_EP_Receive  stm32f4xx_hal_pcd.o
    0x08000c86   0x00000060   Code   RO         2572    i.HAL_PCD_EP_SetStall  stm32f4xx_hal_pcd.o
    0x08000ce6   0x00000040   Code   RO         2573    i.HAL_PCD_EP_Transmit  stm32f4xx_hal_pcd.o
    0x08000d26   0x00000002   PAD
    0x08000d28   0x000004f4   Code   RO         2575    i.HAL_PCD_IRQHandler  stm32f4xx_hal_pcd.o
    0x0800121c   0x00000008   Code   RO          483    i.HAL_PCD_ISOINIncompleteCallback  usbd_conf.o
    0x08001224   0x00000008   Code   RO          484    i.HAL_PCD_ISOOUTIncompleteCallback  usbd_conf.o
    0x0800122c   0x000000be   Code   RO         2578    i.HAL_PCD_Init      stm32f4xx_hal_pcd.o
    0x080012ea   0x00000002   PAD
    0x080012ec   0x00000064   Code   RO          486    i.HAL_PCD_MspInit   usbd_conf.o
    0x08001350   0x00000020   Code   RO          487    i.HAL_PCD_ResetCallback  usbd_conf.o
    0x08001370   0x00000008   Code   RO          488    i.HAL_PCD_ResumeCallback  usbd_conf.o
    0x08001378   0x00000008   Code   RO          489    i.HAL_PCD_SOFCallback  usbd_conf.o
    0x08001380   0x00000024   Code   RO         2584    i.HAL_PCD_SetAddress  stm32f4xx_hal_pcd.o
    0x080013a4   0x0000000e   Code   RO          490    i.HAL_PCD_SetupStageCallback  usbd_conf.o
    0x080013b2   0x0000002a   Code   RO         2586    i.HAL_PCD_Start     stm32f4xx_hal_pcd.o
    0x080013dc   0x00000030   Code   RO          491    i.HAL_PCD_SuspendCallback  usbd_conf.o
    0x0800140c   0x0000017c   Code   RO         2089    i.HAL_RCC_ClockConfig  stm32f4xx_hal_rcc.o
    0x08001588   0x0000000c   Code   RO         2094    i.HAL_RCC_GetHCLKFreq  stm32f4xx_hal_rcc.o
    0x08001594   0x00000030   Code   RO         2096    i.HAL_RCC_GetPCLK1Freq  stm32f4xx_hal_rcc.o
    0x080015c4   0x00000070   Code   RO         2098    i.HAL_RCC_GetSysClockFreq  stm32f4xx_hal_rcc.o
    0x08001634   0x00000314   Code   RO         2101    i.HAL_RCC_OscConfig  stm32f4xx_hal_rcc.o
    0x08001948   0x00000018   Code   RO         1967    i.HAL_SYSTICK_CLKSourceConfig  stm32f4xx_hal_cortex.o
    0x08001960   0x00000002   Code   RO         1968    i.HAL_SYSTICK_Callback  stm32f4xx_hal_cortex.o
    0x08001962   0x00000028   Code   RO         1969    i.HAL_SYSTICK_Config  stm32f4xx_hal_cortex.o
    0x0800198a   0x00000008   Code   RO         1970    i.HAL_SYSTICK_IRQHandler  stm32f4xx_hal_cortex.o
    0x08001992   0x00000002   Code   RO          182    i.HardFault_Handler  stm32f4xx_it.o
    0x08001994   0x00000028   Code   RO         1480    i.I2C_IsAcknowledgeFailed  stm32f4xx_hal_i2c.o
    0x080019bc   0x000000de   Code   RO         1483    i.I2C_MasterRequestRead  stm32f4xx_hal_i2c.o
    0x08001a9a   0x00000002   PAD
    0x08001a9c   0x00000094   Code   RO         1484    i.I2C_MasterRequestWrite  stm32f4xx_hal_i2c.o
    0x08001b30   0x0000004e   Code   RO         1493    i.I2C_WaitOnBTFFlagUntilTimeout  stm32f4xx_hal_i2c.o
    0x08001b7e   0x00000060   Code   RO         1494    i.I2C_WaitOnFlagUntilTimeout  stm32f4xx_hal_i2c.o
    0x08001bde   0x00000002   PAD
    0x08001be0   0x00000088   Code   RO         1495    i.I2C_WaitOnMasterAddressFlagUntilTimeout  stm32f4xx_hal_i2c.o
    0x08001c68   0x00000062   Code   RO         1496    i.I2C_WaitOnRXNEFlagUntilTimeout  stm32f4xx_hal_i2c.o
    0x08001cca   0x0000004e   Code   RO         1497    i.I2C_WaitOnTXEFlagUntilTimeout  stm32f4xx_hal_i2c.o
    0x08001d18   0x00000038   Code   RO          262    i.MX_I2C1_Init      main.o
    0x08001d50   0x00000038   Code   RO          736    i.MX_USB_DEVICE_Init  usb_device.o
    0x08001d88   0x00000002   Code   RO          183    i.MemManage_Handler  stm32f4xx_it.o
    0x08001d8a   0x00000002   Code   RO          184    i.NMI_Handler       stm32f4xx_it.o
    0x08001d8c   0x00000020   Code   RO         1971    i.NVIC_SetPriority  stm32f4xx_hal_cortex.o
    0x08001dac   0x0000000c   Code   RO          185    i.OTG_FS_IRQHandler  stm32f4xx_it.o
    0x08001db8   0x00000088   Code   RO         2589    i.PCD_WriteEmptyTxFifo  stm32f4xx_hal_pcd.o
    0x08001e40   0x00000002   Code   RO          186    i.PendSV_Handler    stm32f4xx_it.o
    0x08001e42   0x00000002   PAD
    0x08001e44   0x00000030   Code   RO          342    i.RDA5807m_GetChan  rda5807m.o
    0x08001e74   0x00000030   Code   RO          343    i.RDA5807m_GetRSSI  rda5807m.o
    0x08001ea4   0x00000024   Code   RO          344    i.RDA5807m_Init     rda5807m.o
    0x08001ec8   0x00000038   Code   RO          347    i.RDA5807m_Send     rda5807m.o
    0x08001f00   0x0000001c   Code   RO          348    i.RDA5807m_SetBand  rda5807m.o
    0x08001f1c   0x00000104   Code   RO          349    i.RDA5807m_SetFreq  rda5807m.o
    0x08002020   0x0000001c   Code   RO          350    i.RDA5807m_SetStep  rda5807m.o
    0x0800203c   0x00000002   Code   RO          187    i.SVC_Handler       stm32f4xx_it.o
    0x0800203e   0x0000000c   Code   RO          351    i.SwapBytes         rda5807m.o
    0x0800204a   0x0000000e   Code   RO          188    i.SysTick_Handler   stm32f4xx_it.o
    0x08002058   0x000000a0   Code   RO          263    i.SystemClock_Config  main.o
    0x080020f8   0x00000054   Code   RO            5    i.SystemInit        system_stm32f4xx.o
    0x0800214c   0x00000014   Code   RO         2910    i.USBD_CDC_DataIn   usbd_cdc.o
    0x08002160   0x0000002e   Code   RO         2911    i.USBD_CDC_DataOut  usbd_cdc.o
    0x0800218e   0x0000003c   Code   RO         2912    i.USBD_CDC_DeInit   usbd_cdc.o
    0x080021ca   0x00000024   Code   RO         2913    i.USBD_CDC_EP0_RxReady  usbd_cdc.o
    0x080021ee   0x00000002   PAD
    0x080021f0   0x0000000c   Code   RO         2914    i.USBD_CDC_GetDeviceQualifierDescriptor  usbd_cdc.o
    0x080021fc   0x0000000c   Code   RO         2915    i.USBD_CDC_GetFSCfgDesc  usbd_cdc.o
    0x08002208   0x0000000c   Code   RO         2916    i.USBD_CDC_GetHSCfgDesc  usbd_cdc.o
    0x08002214   0x0000000c   Code   RO         2917    i.USBD_CDC_GetOtherSpeedCfgDesc  usbd_cdc.o
    0x08002220   0x00000088   Code   RO         2918    i.USBD_CDC_Init     usbd_cdc.o
    0x080022a8   0x00000028   Code   RO         2919    i.USBD_CDC_ReceivePacket  usbd_cdc.o
    0x080022d0   0x00000010   Code   RO         2920    i.USBD_CDC_RegisterInterface  usbd_cdc.o
    0x080022e0   0x0000000c   Code   RO         2921    i.USBD_CDC_SetRxBuffer  usbd_cdc.o
    0x080022ec   0x00000010   Code   RO         2922    i.USBD_CDC_SetTxBuffer  usbd_cdc.o
    0x080022fc   0x00000070   Code   RO         2923    i.USBD_CDC_Setup    usbd_cdc.o
    0x0800236c   0x00000030   Code   RO         2924    i.USBD_CDC_TransmitPacket  usbd_cdc.o
    0x0800239c   0x0000000e   Code   RO         2772    i.USBD_ClrClassConfig  usbd_core.o
    0x080023aa   0x00000010   Code   RO         3081    i.USBD_CtlContinueRx  usbd_ioreq.o
    0x080023ba   0x00000010   Code   RO         3082    i.USBD_CtlContinueSendData  usbd_ioreq.o
    0x080023ca   0x00000016   Code   RO         3016    i.USBD_CtlError     usbd_ctlreq.o
    0x080023e0   0x0000001e   Code   RO         3083    i.USBD_CtlPrepareRx  usbd_ioreq.o
    0x080023fe   0x00000016   Code   RO         3084    i.USBD_CtlReceiveStatus  usbd_ioreq.o
    0x08002414   0x0000001a   Code   RO         3085    i.USBD_CtlSendData  usbd_ioreq.o
    0x0800242e   0x00000016   Code   RO         3086    i.USBD_CtlSendStatus  usbd_ioreq.o
    0x08002444   0x00000020   Code   RO          668    i.USBD_FS_ConfigStrDescriptor  usbd_desc.o
    0x08002464   0x0000000c   Code   RO          669    i.USBD_FS_DeviceDescriptor  usbd_desc.o
    0x08002470   0x00000024   Code   RO          670    i.USBD_FS_InterfaceStrDescriptor  usbd_desc.o
    0x08002494   0x0000000c   Code   RO          671    i.USBD_FS_LangIDStrDescriptor  usbd_desc.o
    0x080024a0   0x00000028   Code   RO          672    i.USBD_FS_ManufacturerStrDescriptor  usbd_desc.o
    0x080024c8   0x0000002c   Code   RO          673    i.USBD_FS_ProductStrDescriptor  usbd_desc.o
    0x080024f4   0x00000024   Code   RO          674    i.USBD_FS_SerialStrDescriptor  usbd_desc.o
    0x08002518   0x000000e0   Code   RO         3017    i.USBD_GetDescriptor  usbd_ctlreq.o
    0x080025f8   0x00000046   Code   RO         3018    i.USBD_GetString    usbd_ctlreq.o
    0x0800263e   0x0000002a   Code   RO         2774    i.USBD_Init         usbd_core.o
    0x08002668   0x00000020   Code   RO          492    i.USBD_LL_ClearStallEP  usbd_conf.o
    0x08002688   0x00000020   Code   RO          493    i.USBD_LL_CloseEP   usbd_conf.o
    0x080026a8   0x000000aa   Code   RO         2775    i.USBD_LL_DataInStage  usbd_core.o
    0x08002752   0x0000006a   Code   RO         2776    i.USBD_LL_DataOutStage  usbd_core.o
    0x080027bc   0x00000004   Code   RO         2777    i.USBD_LL_DevConnected  usbd_core.o
    0x080027c0   0x00000016   Code   RO         2778    i.USBD_LL_DevDisconnected  usbd_core.o
    0x080027d6   0x00000008   Code   RO          497    i.USBD_LL_GetRxDataSize  usbd_conf.o
    0x080027de   0x00000002   PAD
    0x080027e0   0x0000007c   Code   RO          498    i.USBD_LL_Init      usbd_conf.o
    0x0800285c   0x00000020   Code   RO          499    i.USBD_LL_IsStallEP  usbd_conf.o
    0x0800287c   0x00000004   Code   RO         2779    i.USBD_LL_IsoINIncomplete  usbd_core.o
    0x08002880   0x00000004   Code   RO         2780    i.USBD_LL_IsoOUTIncomplete  usbd_core.o
    0x08002884   0x00000026   Code   RO          500    i.USBD_LL_OpenEP    usbd_conf.o
    0x080028aa   0x00000020   Code   RO          501    i.USBD_LL_PrepareReceive  usbd_conf.o
    0x080028ca   0x0000003e   Code   RO         2781    i.USBD_LL_Reset     usbd_core.o
    0x08002908   0x0000000c   Code   RO         2782    i.USBD_LL_Resume    usbd_core.o
    0x08002914   0x00000018   Code   RO         2783    i.USBD_LL_SOF       usbd_core.o
    0x0800292c   0x00000006   Code   RO         2784    i.USBD_LL_SetSpeed  usbd_core.o
    0x08002932   0x00000020   Code   RO          502    i.USBD_LL_SetUSBAddress  usbd_conf.o
    0x08002952   0x0000005a   Code   RO         2785    i.USBD_LL_SetupStage  usbd_core.o
    0x080029ac   0x00000020   Code   RO          503    i.USBD_LL_StallEP   usbd_conf.o
    0x080029cc   0x00000020   Code   RO          504    i.USBD_LL_Start     usbd_conf.o
    0x080029ec   0x00000012   Code   RO         2786    i.USBD_LL_Suspend   usbd_core.o
    0x080029fe   0x00000020   Code   RO          506    i.USBD_LL_Transmit  usbd_conf.o
    0x08002a1e   0x00000028   Code   RO         3019    i.USBD_ParseSetupRequest  usbd_ctlreq.o
    0x08002a46   0x00000010   Code   RO         2787    i.USBD_RegisterClass  usbd_core.o
    0x08002a56   0x00000016   Code   RO         2789    i.USBD_SetClassConfig  usbd_core.o
    0x08002a6c   0x00000074   Code   RO         3020    i.USBD_SetConfig    usbd_ctlreq.o
    0x08002ae0   0x0000000a   Code   RO         2790    i.USBD_Start        usbd_core.o
    0x08002aea   0x000000f2   Code   RO         3021    i.USBD_StdDevReq    usbd_ctlreq.o
    0x08002bdc   0x000000dc   Code   RO         3022    i.USBD_StdEPReq     usbd_ctlreq.o
    0x08002cb8   0x00000034   Code   RO         3023    i.USBD_StdItfReq    usbd_ctlreq.o
    0x08002cec   0x00000080   Code   RO         2275    i.USB_ActivateEndpoint  stm32f4xx_ll_usb.o
    0x08002d6c   0x00000034   Code   RO         2276    i.USB_ActivateSetup  stm32f4xx_ll_usb.o
    0x08002da0   0x0000006c   Code   RO         2278    i.USB_CoreInit      stm32f4xx_ll_usb.o
    0x08002e0c   0x00000038   Code   RO         2279    i.USB_CoreReset     stm32f4xx_ll_usb.o
    0x08002e44   0x000000c8   Code   RO         2281    i.USB_DeactivateEndpoint  stm32f4xx_ll_usb.o
    0x08002f0c   0x00000018   Code   RO         2282    i.USB_DevConnect    stm32f4xx_ll_usb.o
    0x08002f24   0x00000018   Code   RO         2283    i.USB_DevDisconnect  stm32f4xx_ll_usb.o
    0x08002f3c   0x00000140   Code   RO         2284    i.USB_DevInit       stm32f4xx_ll_usb.o
    0x0800307c   0x0000000c   Code   RO         2285    i.USB_DisableGlobalInt  stm32f4xx_ll_usb.o
    0x08003088   0x00000140   Code   RO         2288    i.USB_EP0StartXfer  stm32f4xx_ll_usb.o
    0x080031c8   0x0000003e   Code   RO         2289    i.USB_EP0_OutStart  stm32f4xx_ll_usb.o
    0x08003206   0x00000064   Code   RO         2290    i.USB_EPClearStall  stm32f4xx_ll_usb.o
    0x0800326a   0x0000005e   Code   RO         2291    i.USB_EPSetStall    stm32f4xx_ll_usb.o
    0x080032c8   0x0000021c   Code   RO         2292    i.USB_EPStartXfer   stm32f4xx_ll_usb.o
    0x080034e4   0x0000000c   Code   RO         2293    i.USB_EnableGlobalInt  stm32f4xx_ll_usb.o
    0x080034f0   0x00000020   Code   RO         2294    i.USB_FlushRxFifo   stm32f4xx_ll_usb.o
    0x08003510   0x00000024   Code   RO         2295    i.USB_FlushTxFifo   stm32f4xx_ll_usb.o
    0x08003534   0x0000003c   Code   RO         2297    i.USB_GetDevSpeed   stm32f4xx_ll_usb.o
    0x08003570   0x00000008   Code   RO         2299    i.USB_GetMode       stm32f4xx_ll_usb.o
    0x08003578   0x0000000e   Code   RO         2306    i.USB_ReadDevAllInEpInterrupt  stm32f4xx_ll_usb.o
    0x08003586   0x0000000e   Code   RO         2307    i.USB_ReadDevAllOutEpInterrupt  stm32f4xx_ll_usb.o
    0x08003594   0x0000001e   Code   RO         2308    i.USB_ReadDevInEPInterrupt  stm32f4xx_ll_usb.o
    0x080035b2   0x00000010   Code   RO         2309    i.USB_ReadDevOutEPInterrupt  stm32f4xx_ll_usb.o
    0x080035c2   0x00000008   Code   RO         2310    i.USB_ReadInterrupts  stm32f4xx_ll_usb.o
    0x080035ca   0x00000020   Code   RO         2311    i.USB_ReadPacket    stm32f4xx_ll_usb.o
    0x080035ea   0x0000002c   Code   RO         2313    i.USB_SetCurrentMode  stm32f4xx_ll_usb.o
    0x08003616   0x00000022   Code   RO         2314    i.USB_SetDevAddress  stm32f4xx_ll_usb.o
    0x08003638   0x00000028   Code   RO         2318    i.USB_WritePacket   stm32f4xx_ll_usb.o
    0x08003660   0x00000002   Code   RO          189    i.UsageFault_Handler  stm32f4xx_it.o
    0x08003662   0x00000002   Code   RO          264    i._Error_Handler    main.o
    0x08003664   0x00000028   Code   RO         3196    i.__0sprintf$1      mc_w.l(printf1.o)
    0x0800368c   0x0000000e   Code   RO         3486    i.__scatterload_copy  mc_w.l(handlers.o)
    0x0800369a   0x00000002   Code   RO         3487    i.__scatterload_null  mc_w.l(handlers.o)
    0x0800369c   0x0000000e   Code   RO         3488    i.__scatterload_zeroinit  mc_w.l(handlers.o)
    0x080036aa   0x00000002   PAD
    0x080036ac   0x00000154   Code   RO         3201    i._printf_core      mc_w.l(printf1.o)
    0x08003800   0x0000000a   Code   RO         3203    i._sputc            mc_w.l(printf1.o)
    0x0800380a   0x00000002   PAD
    0x0800380c   0x00000050   Code   RO         3410    i.free              mc_w.l(malloc.o)
    0x0800385c   0x000000d0   Code   RO          265    i.main              main.o
    0x0800392c   0x0000006c   Code   RO         3411    i.malloc            mc_w.l(malloc.o)
    0x08003998   0x00000010   Data   RO            6    .constdata          system_stm32f4xx.o
    0x080039a8   0x00000008   Data   RO            7    .constdata          system_stm32f4xx.o
    0x080039b0   0x00000020   Data   RO         3484    Region$$Table       anon$$obj.o


    Execution Region RW_IRAM1 (Base: 0x20000000, Size: 0x00003ae8, Max: 0x00020000, ABSOLUTE, COMPRESSED[0x000000bc])

    Base Addr    Size         Type   Attr      Idx    E Section Name        Object

    0x20000000   0x00000004   Data   RW            8    .data               system_stm32f4xx.o
    0x20000004   0x00000008   Data   RW          352    .data               rda5807m.o
    0x2000000c   0x00000010   Data   RW          432    .data               usbd_cdc_if.o
    0x2000001c   0x00000008   Data   RW          433    .data               usbd_cdc_if.o
    0x20000024   0x0000001c   Data   RW          676    .data               usbd_desc.o
    0x20000040   0x00000016   Data   RW          677    .data               usbd_desc.o
    0x20000056   0x00000002   PAD
    0x20000058   0x00000004   Data   RW         1115    .data               stm32f4xx_hal.o
    0x2000005c   0x000000db   Data   RW         2925    .data               usbd_cdc.o
    0x20000137   0x00000001   PAD
    0x20000138   0x00000038   Data   RW         2926    .data               usbd_cdc.o
    0x20000170   0x00000001   Data   RW         3024    .data               usbd_ctlreq.o
    0x20000171   0x00000003   PAD
    0x20000174   0x00000004   Data   RW         3459    .data               mc_w.l(mvars.o)
    0x20000178   0x00000004   Data   RW         3460    .data               mc_w.l(mvars.o)
    0x2000017c   0x00000154   Zero   RW          266    .bss                main.o
    0x200002d0   0x000003f0   Zero   RW          507    .bss                usbd_conf.o
    0x200006c0   0x00000200   Zero   RW          675    .bss                usbd_desc.o
    0x200008c0   0x00000224   Zero   RW          737    .bss                usb_device.o
    0x20000ae4   0x00000004   PAD
    0x20000ae8   0x00001000   Zero   RW          768    HEAP                startup_stm32f407xx.o
    0x20001ae8   0x00002000   Zero   RW          767    STACK               startup_stm32f407xx.o


==============================================================================

Image component sizes


      Code (inc. data)   RO Data    RW Data    ZI Data      Debug   Object Name

       426         58          0          0        340       9444   main.o
       516         92          0          8          0       5481   rda5807m.o
        36          8        392          0      12288        828   startup_stm32f407xx.o
       148         22          0          4          0       4599   stm32f4xx_hal.o
       228         14          0          0          0      32365   stm32f4xx_hal_cortex.o
       432         44          0          0          0       1812   stm32f4xx_hal_gpio.o
      1960         38          0          0          0      12834   stm32f4xx_hal_i2c.o
       164         14          0          0          0       1564   stm32f4xx_hal_msp.o
      2156         72          0          0          0      11669   stm32f4xx_hal_pcd.o
        76          0          0          0          0       1924   stm32f4xx_hal_pcd_ex.o
      1340         62          0          0          0       5213   stm32f4xx_hal_rcc.o
        42          6          0          0          0       4834   stm32f4xx_it.o
      2420         56          0          0          0      21116   stm32f4xx_ll_usb.o
        84         18         24          4          0     656583   system_stm32f4xx.o
        56         18          0          0        548        768   usb_device.o
       590         22          0        275          0      13566   usbd_cdc.o
       112         20          0         24          0       3460   usbd_cdc_if.o
       706         36          0          0       1008      15098   usbd_conf.o
       626          0          0          0          0      12458   usbd_core.o
       986         30          0          1          0       8220   usbd_ctlreq.o
       212        116          0         50        512       5367   usbd_desc.o
       132          0          0          0          0       4684   usbd_ioreq.o

    ----------------------------------------------------------------------
     13466        746        448        372      14700     833887   Object Totals
         0          0         32          0          0          0   (incl. Generated)
        18          0          0          6          4          0   (incl. Padding)

    ----------------------------------------------------------------------

      Code (inc. data)   RO Data    RW Data    ZI Data      Debug   Library Member Name

        86          0          0          0          0          0   __dczerorl2.o
         0          0          0          0          0          0   entry.o
         0          0          0          0          0          0   entry10a.o
         0          0          0          0          0          0   entry11a.o
         8          4          0          0          0          0   entry2.o
         4          0          0          0          0          0   entry5.o
         0          0          0          0          0          0   entry7b.o
         0          0          0          0          0          0   entry8b.o
         8          4          0          0          0          0   entry9a.o
        30          0          0          0          0          0   handlers.o
        36          8          0          0          0         68   init.o
       188         20          0          0          0        160   malloc.o
        36          0          0          0          0         68   memcpya.o
        36          0          0          0          0        108   memseta.o
         0          0          0          8          0          0   mvars.o
       390         10          0          0          0        252   printf1.o
        14          0          0          0          0         68   strlen.o
        44          0          0          0          0         80   uidiv.o

    ----------------------------------------------------------------------
       886         46          0          8          0        804   Library Totals
         6          0          0          0          0          0   (incl. Padding)

    ----------------------------------------------------------------------

      Code (inc. data)   RO Data    RW Data    ZI Data      Debug   Library Name

       880         46          0          8          0        804   mc_w.l

    ----------------------------------------------------------------------
       886         46          0          8          0        804   Library Totals

    ----------------------------------------------------------------------

==============================================================================


      Code (inc. data)   RO Data    RW Data    ZI Data      Debug   

     14352        792        448        380      14700     817463   Grand Totals
     14352        792        448        188      14700     817463   ELF Image Totals (compressed)
     14352        792        448        188          0          0   ROM Totals

==============================================================================

    Total RO  Size (Code + RO Data)                14800 (  14.45kB)
    Total RW  Size (RW Data + ZI Data)             15080 (  14.73kB)
    Total ROM Size (Code + RO Data + RW Data)      14988 (  14.64kB)

==============================================================================

